/mnt/newdisk/xiekunpeng/LowDiff/miniconda/envs/LowDiff/lib/python3.10/site-packages/torch/cuda/__init__.py:61: FutureWarning: The pynvml package is deprecated. Please install nvidia-ml-py instead. If you did not install pynvml directly, please report this to the maintainers of the package that installed pynvml for you.
  import pynvml  # type: ignore[import]
[2026-02-12 23:59:30,942] [INFO] [real_accelerator.py:222:get_accelerator] Setting ds_accelerator to cuda (auto detect)
/mnt/newdisk/xiekunpeng/LowDiff/miniconda/envs/LowDiff/lib/python3.10/site-packages/transformers/utils/hub.py:110: FutureWarning: Using `TRANSFORMERS_CACHE` is deprecated and will be removed in v5 of Transformers. Use `HF_HOME` instead.
  warnings.warn(
[2026-02-12 23:59:34,673] [WARNING] [runner.py:215:fetch_hostfile] Unable to find hostfile, will proceed with training with local resources only.
[2026-02-12 23:59:34,673] [INFO] [runner.py:607:main] cmd = /mnt/newdisk/xiekunpeng/LowDiff/miniconda/envs/LowDiff/bin/python3.10 -u -m deepspeed.launcher.launch --world_info=eyJsb2NhbGhvc3QiOiBbMCwgMSwgMiwgM119 --master_addr=127.0.0.1 --master_port=29500 --enable_each_rank_log=None ./torch/GPT.py --dataset wikitext-2 --model gpt2 --epochs 1 --batch-size 4 --compressor topk --compressor_ratio 0.01 --diff --freq 50 --save-batch-freq 20 --save-dir /mnt/newdisk/xiekunpeng/LowDiff/data/lowdiff --resume 1
/mnt/newdisk/xiekunpeng/LowDiff/miniconda/envs/LowDiff/lib/python3.10/site-packages/torch/cuda/__init__.py:61: FutureWarning: The pynvml package is deprecated. Please install nvidia-ml-py instead. If you did not install pynvml directly, please report this to the maintainers of the package that installed pynvml for you.
  import pynvml  # type: ignore[import]
[2026-02-12 23:59:36,766] [INFO] [real_accelerator.py:222:get_accelerator] Setting ds_accelerator to cuda (auto detect)
/mnt/newdisk/xiekunpeng/LowDiff/miniconda/envs/LowDiff/lib/python3.10/site-packages/transformers/utils/hub.py:110: FutureWarning: Using `TRANSFORMERS_CACHE` is deprecated and will be removed in v5 of Transformers. Use `HF_HOME` instead.
  warnings.warn(
[2026-02-12 23:59:40,432] [INFO] [launch.py:139:main] 0 NCCL_IB_DISABLE=1
[2026-02-12 23:59:40,432] [INFO] [launch.py:146:main] WORLD INFO DICT: {'localhost': [0, 1, 2, 3]}
[2026-02-12 23:59:40,432] [INFO] [launch.py:152:main] nnodes=1, num_local_procs=4, node_rank=0
[2026-02-12 23:59:40,432] [INFO] [launch.py:163:main] global_rank_mapping=defaultdict(<class 'list'>, {'localhost': [0, 1, 2, 3]})
[2026-02-12 23:59:40,432] [INFO] [launch.py:164:main] dist_world_size=4
[2026-02-12 23:59:40,432] [INFO] [launch.py:168:main] Setting CUDA_VISIBLE_DEVICES=0,1,2,3
[2026-02-12 23:59:40,433] [INFO] [launch.py:256:main] process 942683 spawned with command: ['/mnt/newdisk/xiekunpeng/LowDiff/miniconda/envs/LowDiff/bin/python3.10', '-u', './torch/GPT.py', '--local_rank=0', '--dataset', 'wikitext-2', '--model', 'gpt2', '--epochs', '1', '--batch-size', '4', '--compressor', 'topk', '--compressor_ratio', '0.01', '--diff', '--freq', '50', '--save-batch-freq', '20', '--save-dir', '/mnt/newdisk/xiekunpeng/LowDiff/data/lowdiff', '--resume', '1']
[2026-02-12 23:59:40,434] [INFO] [launch.py:256:main] process 942684 spawned with command: ['/mnt/newdisk/xiekunpeng/LowDiff/miniconda/envs/LowDiff/bin/python3.10', '-u', './torch/GPT.py', '--local_rank=1', '--dataset', 'wikitext-2', '--model', 'gpt2', '--epochs', '1', '--batch-size', '4', '--compressor', 'topk', '--compressor_ratio', '0.01', '--diff', '--freq', '50', '--save-batch-freq', '20', '--save-dir', '/mnt/newdisk/xiekunpeng/LowDiff/data/lowdiff', '--resume', '1']
[2026-02-12 23:59:40,434] [INFO] [launch.py:256:main] process 942685 spawned with command: ['/mnt/newdisk/xiekunpeng/LowDiff/miniconda/envs/LowDiff/bin/python3.10', '-u', './torch/GPT.py', '--local_rank=2', '--dataset', 'wikitext-2', '--model', 'gpt2', '--epochs', '1', '--batch-size', '4', '--compressor', 'topk', '--compressor_ratio', '0.01', '--diff', '--freq', '50', '--save-batch-freq', '20', '--save-dir', '/mnt/newdisk/xiekunpeng/LowDiff/data/lowdiff', '--resume', '1']
[2026-02-12 23:59:40,436] [INFO] [launch.py:256:main] process 942686 spawned with command: ['/mnt/newdisk/xiekunpeng/LowDiff/miniconda/envs/LowDiff/bin/python3.10', '-u', './torch/GPT.py', '--local_rank=3', '--dataset', 'wikitext-2', '--model', 'gpt2', '--epochs', '1', '--batch-size', '4', '--compressor', 'topk', '--compressor_ratio', '0.01', '--diff', '--freq', '50', '--save-batch-freq', '20', '--save-dir', '/mnt/newdisk/xiekunpeng/LowDiff/data/lowdiff', '--resume', '1']
/mnt/newdisk/xiekunpeng/LowDiff/miniconda/envs/LowDiff/lib/python3.10/site-packages/torch/cuda/__init__.py:61: FutureWarning: The pynvml package is deprecated. Please install nvidia-ml-py instead. If you did not install pynvml directly, please report this to the maintainers of the package that installed pynvml for you.
  import pynvml  # type: ignore[import]
/mnt/newdisk/xiekunpeng/LowDiff/miniconda/envs/LowDiff/lib/python3.10/site-packages/torch/cuda/__init__.py:61: FutureWarning: The pynvml package is deprecated. Please install nvidia-ml-py instead. If you did not install pynvml directly, please report this to the maintainers of the package that installed pynvml for you.
  import pynvml  # type: ignore[import]
/mnt/newdisk/xiekunpeng/LowDiff/miniconda/envs/LowDiff/lib/python3.10/site-packages/torch/cuda/__init__.py:61: FutureWarning: The pynvml package is deprecated. Please install nvidia-ml-py instead. If you did not install pynvml directly, please report this to the maintainers of the package that installed pynvml for you.
  import pynvml  # type: ignore[import]
/mnt/newdisk/xiekunpeng/LowDiff/miniconda/envs/LowDiff/lib/python3.10/site-packages/torch/cuda/__init__.py:61: FutureWarning: The pynvml package is deprecated. Please install nvidia-ml-py instead. If you did not install pynvml directly, please report this to the maintainers of the package that installed pynvml for you.
  import pynvml  # type: ignore[import]
[2026-02-12 23:59:42,651] [INFO] [real_accelerator.py:222:get_accelerator] Setting ds_accelerator to cuda (auto detect)
[2026-02-12 23:59:42,908] [INFO] [real_accelerator.py:222:get_accelerator] Setting ds_accelerator to cuda (auto detect)
[2026-02-12 23:59:42,920] [INFO] [real_accelerator.py:222:get_accelerator] Setting ds_accelerator to cuda (auto detect)
[2026-02-12 23:59:42,926] [INFO] [real_accelerator.py:222:get_accelerator] Setting ds_accelerator to cuda (auto detect)
/mnt/newdisk/xiekunpeng/LowDiff/miniconda/envs/LowDiff/lib/python3.10/site-packages/transformers/utils/hub.py:110: FutureWarning: Using `TRANSFORMERS_CACHE` is deprecated and will be removed in v5 of Transformers. Use `HF_HOME` instead.
  warnings.warn(
/mnt/newdisk/xiekunpeng/LowDiff/miniconda/envs/LowDiff/lib/python3.10/site-packages/transformers/utils/hub.py:110: FutureWarning: Using `TRANSFORMERS_CACHE` is deprecated and will be removed in v5 of Transformers. Use `HF_HOME` instead.
  warnings.warn(
/mnt/newdisk/xiekunpeng/LowDiff/miniconda/envs/LowDiff/lib/python3.10/site-packages/transformers/utils/hub.py:110: FutureWarning: Using `TRANSFORMERS_CACHE` is deprecated and will be removed in v5 of Transformers. Use `HF_HOME` instead.
  warnings.warn(
/mnt/newdisk/xiekunpeng/LowDiff/miniconda/envs/LowDiff/lib/python3.10/site-packages/transformers/utils/hub.py:110: FutureWarning: Using `TRANSFORMERS_CACHE` is deprecated and will be removed in v5 of Transformers. Use `HF_HOME` instead.
  warnings.warn(
[2026-02-12 23:59:46,990] [INFO] [comm.py:658:init_distributed] cdb=None
[2026-02-12 23:59:47,268] [INFO] [comm.py:658:init_distributed] cdb=None
[2026-02-12 23:59:47,269] [INFO] [comm.py:689:init_distributed] Initializing TorchBackend in DeepSpeed with backend nccl
[2026-02-12 23:59:47,312] [INFO] [comm.py:658:init_distributed] cdb=None
[2026-02-12 23:59:47,340] [INFO] [comm.py:658:init_distributed] cdb=None
[rank1]:[W212 23:59:47.748825441 ProcessGroupNCCL.cpp:4561] [PG ID 0 PG GUID 0 Rank 1]  using GPU 1 to perform barrier as devices used by this process are currently unknown. This can potentially cause a hang if this rank to GPU mapping is incorrect. Specify device_ids in barrier() to force use of a particular device, or call init_process_group() with a device_id.
[rank2]:[W212 23:59:47.760542699 ProcessGroupNCCL.cpp:4561] [PG ID 0 PG GUID 0 Rank 2]  using GPU 2 to perform barrier as devices used by this process are currently unknown. This can potentially cause a hang if this rank to GPU mapping is incorrect. Specify device_ids in barrier() to force use of a particular device, or call init_process_group() with a device_id.
[rank3]:[W212 23:59:47.196924091 ProcessGroupNCCL.cpp:4561] [PG ID 0 PG GUID 0 Rank 3]  using GPU 3 to perform barrier as devices used by this process are currently unknown. This can potentially cause a hang if this rank to GPU mapping is incorrect. Specify device_ids in barrier() to force use of a particular device, or call init_process_group() with a device_id.
[rank0]:[W212 23:59:48.278664254 ProcessGroupNCCL.cpp:4561] [PG ID 0 PG GUID 0 Rank 0]  using GPU 0 to perform barrier as devices used by this process are currently unknown. This can potentially cause a hang if this rank to GPU mapping is incorrect. Specify device_ids in barrier() to force use of a particular device, or call init_process_group() with a device_id.
[Rank 3/4] Initialized DeepSpeed
[Rank 2/4] Initialized DeepSpeed
[Rank 1/4] Initialized DeepSpeed
[Rank 0/4] Initialized DeepSpeed
Tokenizer loaded successfully.
Tokenizer loaded successfully.
Tokenizer loaded successfully.
Tokenizer loaded successfully.
Dataset map successfully.
Loading model...
Dataset map successfully.
Loading model...
Dataset map successfully.
Loading model...
Dataset map successfully.
Loading model...
Model loaded successfully.
[2026-02-12 23:59:50,759] [INFO] [config.py:734:__init__] Config mesh_device None world_size = 4
Model loaded successfully.
[2026-02-12 23:59:50,774] [INFO] [config.py:734:__init__] Config mesh_device None world_size = 4
Model loaded successfully.
[2026-02-12 23:59:50,795] [INFO] [config.py:734:__init__] Config mesh_device None world_size = 4
Model loaded successfully.
[2026-02-12 23:59:50,841] [INFO] [logging.py:128:log_dist] [Rank 0] DeepSpeed info: version=0.16.4, git-hash=unknown, git-branch=unknown
[2026-02-12 23:59:50,841] [INFO] [config.py:734:__init__] Config mesh_device None world_size = 4
Using /home/xiekunpeng/.cache/torch_extensions/py310_cu124 as PyTorch extensions root...
[2026-02-12 23:59:51,099] [INFO] [logging.py:128:log_dist] [Rank 0] DeepSpeed Flops Profiler Enabled: False
Using /home/xiekunpeng/.cache/torch_extensions/py310_cu124 as PyTorch extensions root...
Using /home/xiekunpeng/.cache/torch_extensions/py310_cu124 as PyTorch extensions root...
Using /home/xiekunpeng/.cache/torch_extensions/py310_cu124 as PyTorch extensions root...
Detected CUDA files, patching ldflags
Emitting ninja build file /home/xiekunpeng/.cache/torch_extensions/py310_cu124/fused_adam/build.ninja...
/mnt/newdisk/xiekunpeng/LowDiff/miniconda/envs/LowDiff/lib/python3.10/site-packages/torch/utils/cpp_extension.py:2059: UserWarning: TORCH_CUDA_ARCH_LIST is not set, all archs for visible cards are included for compilation. 
If this is not desired, please set os.environ['TORCH_CUDA_ARCH_LIST'].
  warnings.warn(
Building extension module fused_adam...
Allowing ninja to set a default number of workers... (overridable by setting the environment variable MAX_JOBS=N)
ninja: no work to do.
Loading extension module fused_adam...
Time to load fused_adam op: 0.07222962379455566 seconds
Loading extension module fused_adam...
Time to load fused_adam op: 0.10289311408996582 seconds
Loading extension module fused_adam...
Time to load fused_adam op: 0.10263872146606445 seconds
Using 20 threads for gradient decompression.
Loading extension module fused_adam...
Time to load fused_adam op: 0.10238265991210938 seconds
[2026-02-12 23:59:51,207] [INFO] [logging.py:128:log_dist] [Rank 0] Using DeepSpeed Optimizer param name adamw as basic optimizer
[2026-02-12 23:59:51,207] [INFO] [logging.py:128:log_dist] [Rank 0] Removing param_group that has no 'params' in the basic Optimizer
[2026-02-12 23:59:51,219] [INFO] [logging.py:128:log_dist] [Rank 0] DeepSpeed Basic Optimizer = FusedAdam
[2026-02-12 23:59:51,219] [INFO] [logging.py:128:log_dist] [Rank 0] DeepSpeed Final Optimizer = FusedAdam
[2026-02-12 23:59:51,219] [INFO] [logging.py:128:log_dist] [Rank 0] DeepSpeed using configured LR scheduler = None
[2026-02-12 23:59:51,219] [INFO] [logging.py:128:log_dist] [Rank 0] DeepSpeed LR Scheduler = None
[2026-02-12 23:59:51,220] [INFO] [logging.py:128:log_dist] [Rank 0] step=0, skipped=0, lr=[0.0005], mom=[(0.9, 0.999)]
Using 20 threads for gradient decompression.
[2026-02-12 23:59:51,221] [INFO] [config.py:1001:print] DeepSpeedEngine configuration:
[2026-02-12 23:59:51,221] [INFO] [config.py:1005:print]   activation_checkpointing_config  {
    "partition_activations": false, 
    "contiguous_memory_optimization": false, 
    "cpu_checkpointing": false, 
    "number_checkpoints": null, 
    "synchronize_checkpoint_boundary": false, 
    "profile": false
}
Using 20 threads for gradient decompression.
[2026-02-12 23:59:51,222] [INFO] [config.py:1005:print]   aio_config ................... {'block_size': 1048576, 'queue_depth': 8, 'intra_op_parallelism': 1, 'single_submit': False, 'overlap_events': True, 'use_gds': False}
[2026-02-12 23:59:51,222] [INFO] [config.py:1005:print]   amp_enabled .................. False
[2026-02-12 23:59:51,222] [INFO] [config.py:1005:print]   amp_params ................... False
[2026-02-12 23:59:51,222] [INFO] [config.py:1005:print]   autotuning_config ............ {
    "enabled": false, 
    "start_step": null, 
    "end_step": null, 
    "metric_path": null, 
    "arg_mappings": null, 
    "metric": "throughput", 
    "model_info": null, 
    "results_dir": "autotuning_results", 
    "exps_dir": "autotuning_exps", 
    "overwrite": true, 
    "fast": true, 
    "start_profile_step": 3, 
    "end_profile_step": 5, 
    "tuner_type": "gridsearch", 
    "tuner_early_stopping": 5, 
    "tuner_num_trials": 50, 
    "model_info_path": null, 
    "mp_size": 1, 
    "max_train_batch_size": null, 
    "min_train_batch_size": 1, 
    "max_train_micro_batch_size_per_gpu": 1.024000e+03, 
    "min_train_micro_batch_size_per_gpu": 1, 
    "num_tuning_micro_batch_sizes": 3
}
[2026-02-12 23:59:51,222] [INFO] [config.py:1005:print]   bfloat16_enabled ............. False
[2026-02-12 23:59:51,223] [INFO] [config.py:1005:print]   bfloat16_immediate_grad_update  False
[2026-02-12 23:59:51,223] [INFO] [config.py:1005:print]   checkpoint_parallel_write_pipeline  False
[2026-02-12 23:59:51,223] [INFO] [config.py:1005:print]   checkpoint_tag_validation_enabled  True
[2026-02-12 23:59:51,223] [INFO] [config.py:1005:print]   checkpoint_tag_validation_fail  False
[2026-02-12 23:59:51,223] [INFO] [config.py:1005:print]   comms_config ................. <deepspeed.comm.config.DeepSpeedCommsConfig object at 0x7fe8f431feb0>
[2026-02-12 23:59:51,223] [INFO] [config.py:1005:print]   communication_data_type ...... None
[2026-02-12 23:59:51,223] [INFO] [config.py:1005:print]   compression_config ........... {'weight_quantization': {'shared_parameters': {'enabled': False, 'quantizer_kernel': False, 'schedule_offset': 0, 'quantize_groups': 1, 'quantize_verbose': False, 'quantization_type': 'symmetric', 'quantize_weight_in_forward': False, 'rounding': 'nearest', 'fp16_mixed_quantize': False, 'quantize_change_ratio': 0.001}, 'different_groups': {}}, 'activation_quantization': {'shared_parameters': {'enabled': False, 'quantization_type': 'symmetric', 'range_calibration': 'dynamic', 'schedule_offset': 1000}, 'different_groups': {}}, 'sparse_pruning': {'shared_parameters': {'enabled': False, 'method': 'l1', 'schedule_offset': 1000}, 'different_groups': {}}, 'row_pruning': {'shared_parameters': {'enabled': False, 'method': 'l1', 'schedule_offset': 1000}, 'different_groups': {}}, 'head_pruning': {'shared_parameters': {'enabled': False, 'method': 'topk', 'schedule_offset': 1000}, 'different_groups': {}}, 'channel_pruning': {'shared_parameters': {'enabled': False, 'method': 'l1', 'schedule_offset': 1000}, 'different_groups': {}}, 'layer_reduction': {'enabled': False}}
[2026-02-12 23:59:51,223] [INFO] [config.py:1005:print]   curriculum_enabled_legacy .... False
[2026-02-12 23:59:51,224] [INFO] [config.py:1005:print]   curriculum_params_legacy ..... False
[2026-02-12 23:59:51,224] [INFO] [config.py:1005:print]   data_efficiency_config ....... {'enabled': False, 'seed': 1234, 'data_sampling': {'enabled': False, 'num_epochs': 1000, 'num_workers': 0, 'curriculum_learning': {'enabled': False}}, 'data_routing': {'enabled': False, 'random_ltd': {'enabled': False, 'layer_token_lr_schedule': {'enabled': False}}}}
[2026-02-12 23:59:51,224] [INFO] [config.py:1005:print]   data_efficiency_enabled ...... False
[2026-02-12 23:59:51,224] [INFO] [config.py:1005:print]   dataloader_drop_last ......... False
[2026-02-12 23:59:51,224] [INFO] [config.py:1005:print]   disable_allgather ............ False
[2026-02-12 23:59:51,224] [INFO] [config.py:1005:print]   dump_state ................... False
[2026-02-12 23:59:51,224] [INFO] [config.py:1005:print]   dynamic_loss_scale_args ...... None
[2026-02-12 23:59:51,224] [INFO] [config.py:1005:print]   eigenvalue_enabled ........... False
[2026-02-12 23:59:51,225] [INFO] [config.py:1005:print]   eigenvalue_gas_boundary_resolution  1
[2026-02-12 23:59:51,225] [INFO] [config.py:1005:print]   eigenvalue_layer_name ........ bert.encoder.layer
[2026-02-12 23:59:51,225] [INFO] [config.py:1005:print]   eigenvalue_layer_num ......... 0
[2026-02-12 23:59:51,225] [INFO] [config.py:1005:print]   eigenvalue_max_iter .......... 100
[2026-02-12 23:59:51,225] [INFO] [config.py:1005:print]   eigenvalue_stability ......... 1e-06
[2026-02-12 23:59:51,225] [INFO] [config.py:1005:print]   eigenvalue_tol ............... 0.01
[2026-02-12 23:59:51,225] [INFO] [config.py:1005:print]   eigenvalue_verbose ........... False
[2026-02-12 23:59:51,225] [INFO] [config.py:1005:print]   elasticity_enabled ........... False
[2026-02-12 23:59:51,225] [INFO] [config.py:1005:print]   flops_profiler_config ........ {
    "enabled": false, 
    "recompute_fwd_factor": 0.0, 
    "profile_step": 1, 
    "module_depth": -1, 
    "top_modules": 1, 
    "detailed": true, 
    "output_file": null
}
[2026-02-12 23:59:51,226] [INFO] [config.py:1005:print]   fp16_auto_cast ............... None
[2026-02-12 23:59:51,226] [INFO] [config.py:1005:print]   fp16_enabled ................. False
[2026-02-12 23:59:51,226] [INFO] [config.py:1005:print]   fp16_master_weights_and_gradients  False
[2026-02-12 23:59:51,226] [INFO] [config.py:1005:print]   global_rank .................. 0
[2026-02-12 23:59:51,226] [INFO] [config.py:1005:print]   grad_accum_dtype ............. None
[2026-02-12 23:59:51,226] [INFO] [config.py:1005:print]   gradient_accumulation_steps .. 1
[2026-02-12 23:59:51,226] [INFO] [config.py:1005:print]   gradient_clipping ............ 0.0
[2026-02-12 23:59:51,226] [INFO] [config.py:1005:print]   gradient_predivide_factor .... 1.0
[2026-02-12 23:59:51,226] [INFO] [config.py:1005:print]   graph_harvesting ............. False
[2026-02-12 23:59:51,226] [INFO] [config.py:1005:print]   hybrid_engine ................ enabled=False max_out_tokens=512 inference_tp_size=1 release_inference_cache=False pin_parameters=True tp_gather_partition_size=8
[2026-02-12 23:59:51,226] [INFO] [config.py:1005:print]   initial_dynamic_scale ........ 65536
[2026-02-12 23:59:51,227] [INFO] [config.py:1005:print]   load_universal_checkpoint .... False
[2026-02-12 23:59:51,227] [INFO] [config.py:1005:print]   loss_scale ................... 0
[2026-02-12 23:59:51,227] [INFO] [config.py:1005:print]   memory_breakdown ............. False
[2026-02-12 23:59:51,227] [INFO] [config.py:1005:print]   mics_hierarchial_params_gather  False
[2026-02-12 23:59:51,227] [INFO] [config.py:1005:print]   mics_shard_size .............. -1
[2026-02-12 23:59:51,227] [INFO] [config.py:1005:print]   monitor_config ............... tensorboard=TensorBoardConfig(enabled=False, output_path='', job_name='DeepSpeedJobName') comet=CometConfig(enabled=False, samples_log_interval=100, project=None, workspace=None, api_key=None, experiment_name=None, experiment_key=None, online=None, mode=None) wandb=WandbConfig(enabled=False, group=None, team=None, project='deepspeed') csv_monitor=CSVConfig(enabled=False, output_path='', job_name='DeepSpeedJobName')
[2026-02-12 23:59:51,227] [INFO] [config.py:1005:print]   nebula_config ................ {
    "enabled": false, 
    "persistent_storage_path": null, 
    "persistent_time_interval": 100, 
    "num_of_version_in_retention": 2, 
    "enable_nebula_load": true, 
    "load_path": null
}
[2026-02-12 23:59:51,227] [INFO] [config.py:1005:print]   optimizer_legacy_fusion ...... False
[2026-02-12 23:59:51,227] [INFO] [config.py:1005:print]   optimizer_name ............... adamw
[2026-02-12 23:59:51,227] [INFO] [config.py:1005:print]   optimizer_params ............. {'lr': 0.0005, 'weight_decay': 0.01}
[2026-02-12 23:59:51,227] [INFO] [config.py:1005:print]   pipeline ..................... {'stages': 'auto', 'partition': 'best', 'seed_layers': False, 'activation_checkpoint_interval': 0, 'pipe_partitioned': True, 'grad_partitioned': True}
[2026-02-12 23:59:51,227] [INFO] [config.py:1005:print]   pld_enabled .................. False
[2026-02-12 23:59:51,228] [INFO] [config.py:1005:print]   pld_params ................... False
[2026-02-12 23:59:51,228] [INFO] [config.py:1005:print]   prescale_gradients ........... False
[2026-02-12 23:59:51,228] [INFO] [config.py:1005:print]   scheduler_name ............... None
[2026-02-12 23:59:51,228] [INFO] [config.py:1005:print]   scheduler_params ............. None
[2026-02-12 23:59:51,228] [INFO] [config.py:1005:print]   seq_parallel_communication_data_type  torch.float32
[2026-02-12 23:59:51,228] [INFO] [config.py:1005:print]   sparse_attention ............. None
[2026-02-12 23:59:51,228] [INFO] [config.py:1005:print]   sparse_gradients_enabled ..... False
[2026-02-12 23:59:51,228] [INFO] [config.py:1005:print]   steps_per_print .............. None
[2026-02-12 23:59:51,228] [INFO] [config.py:1005:print]   tensor_parallel_config ....... dtype=torch.float16 autotp_size=0 tensor_parallel=TPConfig(tp_size=1, tp_grain_size=1, mpu=None, tp_group=None) injection_policy_tuple=None keep_module_on_host=False replace_with_kernel_inject=False
[2026-02-12 23:59:51,228] [INFO] [config.py:1005:print]   timers_config ................ enabled=True synchronized=True
[2026-02-12 23:59:51,228] [INFO] [config.py:1005:print]   train_batch_size ............. 4
[2026-02-12 23:59:51,228] [INFO] [config.py:1005:print]   train_micro_batch_size_per_gpu  1
[2026-02-12 23:59:51,228] [INFO] [config.py:1005:print]   use_data_before_expert_parallel_  False
[2026-02-12 23:59:51,228] [INFO] [config.py:1005:print]   use_node_local_storage ....... False
[2026-02-12 23:59:51,228] [INFO] [config.py:1005:print]   wall_clock_breakdown ......... False
[2026-02-12 23:59:51,229] [INFO] [config.py:1005:print]   weight_quantization_config ... None
[2026-02-12 23:59:51,229] [INFO] [config.py:1005:print]   world_size ................... 4
[2026-02-12 23:59:51,229] [INFO] [config.py:1005:print]   zero_allow_untested_optimizer  False
[2026-02-12 23:59:51,229] [INFO] [config.py:1005:print]   zero_config .................. stage=0 contiguous_gradients=True reduce_scatter=True reduce_bucket_size=500000000 use_multi_rank_bucket_allreduce=True allgather_partitions=True allgather_bucket_size=500000000 overlap_comm=False load_from_fp32_weights=True elastic_checkpoint=False offload_param=None offload_optimizer=None sub_group_size=1000000000 cpu_offload_param=None cpu_offload_use_pin_memory=None cpu_offload=None prefetch_bucket_size=50000000 param_persistence_threshold=100000 model_persistence_threshold=9223372036854775807 max_live_parameters=1000000000 max_reuse_distance=1000000000 gather_16bit_weights_on_model_save=False module_granularity_threshold=0 use_all_reduce_for_fetch_params=False stage3_gather_fp16_weights_on_model_save=False ignore_unused_parameters=True legacy_stage1=False round_robin_gradients=False zero_hpz_partition_size=1 zero_quantized_weights=False zero_quantized_nontrainable_weights=False zero_quantized_gradients=False zeropp_loco_param=None mics_shard_size=-1 mics_hierarchical_params_gather=False memory_efficient_linear=True pipeline_loading_checkpoint=False override_module_apply=True log_trace_cache_warnings=False
[2026-02-12 23:59:51,229] [INFO] [config.py:1005:print]   zero_enabled ................. False
[2026-02-12 23:59:51,229] [INFO] [config.py:1005:print]   zero_force_ds_cpu_optimizer .. True
[2026-02-12 23:59:51,229] [INFO] [config.py:1005:print]   zero_optimization_stage ...... 0
[2026-02-12 23:59:51,229] [INFO] [config.py:991:print_user_config]   json = {
    "train_batch_size": 4, 
    "gradient_accumulation_steps": 1, 
    "optimizer": {
        "type": "AdamW", 
        "params": {
            "lr": 0.0005, 
            "weight_decay": 0.01
        }
    }
}

================================================================================
[PERF] ========== Loading Base Checkpoint ==========
================================================================================

[PERF] Scanning directory: /mnt/newdisk/xiekunpeng/LowDiff/data/lowdiff
[PERF] Discovery time: 0.000s
[PERF] Found checkpoint: gpt2_wikitext-2_topk_0.01_0_250_full.pth.tar
[PERF] Checkpoint location: epoch 0, batch 250
[PERF] File size: 1424.25 MB

[PERF] Loading checkpoint from disk...
/mnt/newdisk/xiekunpeng/LowDiff/miniconda/envs/LowDiff/lib/python3.10/site-packages/torch/cuda/__init__.py:61: FutureWarning: The pynvml package is deprecated. Please install nvidia-ml-py instead. If you did not install pynvml directly, please report this to the maintainers of the package that installed pynvml for you.
  import pynvml  # type: ignore[import]
/mnt/newdisk/xiekunpeng/LowDiff/miniconda/envs/LowDiff/lib/python3.10/site-packages/torch/cuda/__init__.py:61: FutureWarning: The pynvml package is deprecated. Please install nvidia-ml-py instead. If you did not install pynvml directly, please report this to the maintainers of the package that installed pynvml for you.
  import pynvml  # type: ignore[import]
[PERF] Load time: 1.111s
[PERF] Load speed: 1281.97 MB/s

[PERF] Restoring model and optimizer states...
/mnt/newdisk/xiekunpeng/LowDiff/miniconda/envs/LowDiff/lib/python3.10/site-packages/torch/cuda/__init__.py:61: FutureWarning: The pynvml package is deprecated. Please install nvidia-ml-py instead. If you did not install pynvml directly, please report this to the maintainers of the package that installed pynvml for you.
  import pynvml  # type: ignore[import]
[PERF] Restore time: 0.487s

[PERF] ========== Base Checkpoint Summary ==========
[PERF] Total time: 1.598s
[PERF] Time breakdown:
[PERF]   - Discovery:  0.000s (0.0%)
[PERF]   - Loading:    1.111s (69.5%)
[PERF]   - Restoring:  0.487s (30.5%)
[PERF] ==================================================
================================================================================

Base checkpoint loaded: epoch 0, batch 250
Will replay differential checkpoints from batch 251 onwards

================================================================================
[PERF] ========== Serial Batch Differential Checkpoint Recovery ==========
================================================================================

Max diff ckpt at epoch 1, iteration 279 (after base batch 250)
[PERF] Found checkpoints up to batch 279
[PERF] Base batch: 250
[PERF] Checkpoint discovery time: 0.001s

[PERF] ========== Data Preparation Stage ==========
[PERF] Batch frequency: 20
[PERF] First batch to load: 259

[PERF] Found batch file: gpt2_wikitext-2_topk_0.01_0-259_batch20.pth.tar (803.55 MB)
[PERF] Found batch file: gpt2_wikitext-2_topk_0.01_0-279_batch20.pth.tar (729.95 MB)

[PERF] Data preparation completed in 0.000s
[PERF] Total batch files: 2
[PERF] Total data size: ~1533.50 MB

[PERF] ========== Starting Serial Batch Recovery Loop ==========

[PERF] Loading batch file 1/2: gpt2_wikitext-2_topk_0.01_0-259_batch20.pth.tar
[2026-02-12 23:59:53,528] [INFO] [real_accelerator.py:222:get_accelerator] Setting ds_accelerator to cuda (auto detect)
[2026-02-12 23:59:53,561] [INFO] [real_accelerator.py:222:get_accelerator] Setting ds_accelerator to cuda (auto detect)
[2026-02-12 23:59:53,638] [INFO] [real_accelerator.py:222:get_accelerator] Setting ds_accelerator to cuda (auto detect)
/mnt/newdisk/xiekunpeng/LowDiff/miniconda/envs/LowDiff/lib/python3.10/site-packages/transformers/utils/hub.py:110: FutureWarning: Using `TRANSFORMERS_CACHE` is deprecated and will be removed in v5 of Transformers. Use `HF_HOME` instead.
  warnings.warn(
/mnt/newdisk/xiekunpeng/LowDiff/miniconda/envs/LowDiff/lib/python3.10/site-packages/transformers/utils/hub.py:110: FutureWarning: Using `TRANSFORMERS_CACHE` is deprecated and will be removed in v5 of Transformers. Use `HF_HOME` instead.
  warnings.warn(
/mnt/newdisk/xiekunpeng/LowDiff/miniconda/envs/LowDiff/lib/python3.10/site-packages/transformers/utils/hub.py:110: FutureWarning: Using `TRANSFORMERS_CACHE` is deprecated and will be removed in v5 of Transformers. Use `HF_HOME` instead.
  warnings.warn(
       File size: 803.55 MB | Load time: 3.776s | Speed: 212.80 MB/s
       Checkpoints in batch: 9
       Batch processing time: 6.127s

[PERF] Loading batch file 2/2: gpt2_wikitext-2_topk_0.01_0-279_batch20.pth.tar
/mnt/newdisk/xiekunpeng/LowDiff/miniconda/envs/LowDiff/lib/python3.10/site-packages/torch/cuda/__init__.py:61: FutureWarning: The pynvml package is deprecated. Please install nvidia-ml-py instead. If you did not install pynvml directly, please report this to the maintainers of the package that installed pynvml for you.
  import pynvml  # type: ignore[import]
/mnt/newdisk/xiekunpeng/LowDiff/miniconda/envs/LowDiff/lib/python3.10/site-packages/torch/cuda/__init__.py:61: FutureWarning: The pynvml package is deprecated. Please install nvidia-ml-py instead. If you did not install pynvml directly, please report this to the maintainers of the package that installed pynvml for you.
  import pynvml  # type: ignore[import]
/mnt/newdisk/xiekunpeng/LowDiff/miniconda/envs/LowDiff/lib/python3.10/site-packages/torch/cuda/__init__.py:61: FutureWarning: The pynvml package is deprecated. Please install nvidia-ml-py instead. If you did not install pynvml directly, please report this to the maintainers of the package that installed pynvml for you.
  import pynvml  # type: ignore[import]
[2026-02-13 00:00:00,359] [INFO] [real_accelerator.py:222:get_accelerator] Setting ds_accelerator to cuda (auto detect)
[2026-02-13 00:00:00,460] [INFO] [real_accelerator.py:222:get_accelerator] Setting ds_accelerator to cuda (auto detect)
[2026-02-13 00:00:00,476] [INFO] [real_accelerator.py:222:get_accelerator] Setting ds_accelerator to cuda (auto detect)
       File size: 729.95 MB | Load time: 3.069s | Speed: 237.87 MB/s
/mnt/newdisk/xiekunpeng/LowDiff/miniconda/envs/LowDiff/lib/python3.10/site-packages/transformers/utils/hub.py:110: FutureWarning: Using `TRANSFORMERS_CACHE` is deprecated and will be removed in v5 of Transformers. Use `HF_HOME` instead.
  warnings.warn(
/mnt/newdisk/xiekunpeng/LowDiff/miniconda/envs/LowDiff/lib/python3.10/site-packages/transformers/utils/hub.py:110: FutureWarning: Using `TRANSFORMERS_CACHE` is deprecated and will be removed in v5 of Transformers. Use `HF_HOME` instead.
  warnings.warn(
/mnt/newdisk/xiekunpeng/LowDiff/miniconda/envs/LowDiff/lib/python3.10/site-packages/transformers/utils/hub.py:110: FutureWarning: Using `TRANSFORMERS_CACHE` is deprecated and will be removed in v5 of Transformers. Use `HF_HOME` instead.
  warnings.warn(
/mnt/newdisk/xiekunpeng/LowDiff/miniconda/envs/LowDiff/lib/python3.10/site-packages/torch/cuda/__init__.py:61: FutureWarning: The pynvml package is deprecated. Please install nvidia-ml-py instead. If you did not install pynvml directly, please report this to the maintainers of the package that installed pynvml for you.
  import pynvml  # type: ignore[import]
/mnt/newdisk/xiekunpeng/LowDiff/miniconda/envs/LowDiff/lib/python3.10/site-packages/torch/cuda/__init__.py:61: FutureWarning: The pynvml package is deprecated. Please install nvidia-ml-py instead. If you did not install pynvml directly, please report this to the maintainers of the package that installed pynvml for you.
  import pynvml  # type: ignore[import]
/mnt/newdisk/xiekunpeng/LowDiff/miniconda/envs/LowDiff/lib/python3.10/site-packages/torch/cuda/__init__.py:61: FutureWarning: The pynvml package is deprecated. Please install nvidia-ml-py instead. If you did not install pynvml directly, please report this to the maintainers of the package that installed pynvml for you.
  import pynvml  # type: ignore[import]
       Checkpoints in batch: 20
       Batch processing time: 8.246s

[PERF] ========== FINAL PERFORMANCE SUMMARY ==========
[PERF] Total recovery time: 14.374s
[PERF] 
[PERF] Time breakdown:
[PERF]   1. Data preparation:      0.000s (0.0%)
[PERF]   2. File loading:          6.845s (47.6%)
[PERF]   3. Checkpoint application: 7.528s (52.4%)
[PERF] 
[PERF] Data statistics:
[PERF]   - Batch files loaded: 2
[PERF]   - Checkpoints processed: 29
[PERF]   - Total data size: ~1533.50 MB
[PERF]   - Effective throughput: 106.68 MB/s

[PERF] Per-checkpoint statistics:
[PERF]   - Average apply time: 0.2596s
[PERF]   - Min apply time: 0.2365s
[PERF]   - Max apply time: 0.3554s

[PERF] Per-batch-file statistics:
[PERF]   - Average batch time: 7.187s
[PERF]   - Min batch time: 6.127s
[PERF]   - Max batch time: 8.246s
[PERF] ==================================================
================================================================================

Differential checkpoint replay completed
Last trained batch: 279
Training will resume from epoch 0, batch 280
Using 20 threads for gradient decompression.
save process start!
Starting training from epoch 0 (total epochs: 1)
[2026-02-13 00:00:07,639] [INFO] [real_accelerator.py:222:get_accelerator] Setting ds_accelerator to cuda (auto detect)
[2026-02-13 00:00:08,021] [INFO] [real_accelerator.py:222:get_accelerator] Setting ds_accelerator to cuda (auto detect)
/mnt/newdisk/xiekunpeng/LowDiff/miniconda/envs/LowDiff/lib/python3.10/site-packages/torch/cuda/__init__.py:61: FutureWarning: The pynvml package is deprecated. Please install nvidia-ml-py instead. If you did not install pynvml directly, please report this to the maintainers of the package that installed pynvml for you.
  import pynvml  # type: ignore[import]
[2026-02-13 00:00:08,230] [INFO] [real_accelerator.py:222:get_accelerator] Setting ds_accelerator to cuda (auto detect)
/mnt/newdisk/xiekunpeng/LowDiff/miniconda/envs/LowDiff/lib/python3.10/site-packages/torch/cuda/__init__.py:61: FutureWarning: The pynvml package is deprecated. Please install nvidia-ml-py instead. If you did not install pynvml directly, please report this to the maintainers of the package that installed pynvml for you.
  import pynvml  # type: ignore[import]
[2026-02-13 00:00:09,445] [INFO] [real_accelerator.py:222:get_accelerator] Setting ds_accelerator to cuda (auto detect)
[2026-02-13 00:00:09,547] [INFO] [real_accelerator.py:222:get_accelerator] Setting ds_accelerator to cuda (auto detect)
/mnt/newdisk/xiekunpeng/LowDiff/miniconda/envs/LowDiff/lib/python3.10/site-packages/transformers/utils/hub.py:110: FutureWarning: Using `TRANSFORMERS_CACHE` is deprecated and will be removed in v5 of Transformers. Use `HF_HOME` instead.
  warnings.warn(
/mnt/newdisk/xiekunpeng/LowDiff/miniconda/envs/LowDiff/lib/python3.10/site-packages/transformers/utils/hub.py:110: FutureWarning: Using `TRANSFORMERS_CACHE` is deprecated and will be removed in v5 of Transformers. Use `HF_HOME` instead.
  warnings.warn(
/mnt/newdisk/xiekunpeng/LowDiff/miniconda/envs/LowDiff/lib/python3.10/site-packages/transformers/utils/hub.py:110: FutureWarning: Using `TRANSFORMERS_CACHE` is deprecated and will be removed in v5 of Transformers. Use `HF_HOME` instead.
  warnings.warn(
/mnt/newdisk/xiekunpeng/LowDiff/miniconda/envs/LowDiff/lib/python3.10/site-packages/transformers/utils/hub.py:110: FutureWarning: Using `TRANSFORMERS_CACHE` is deprecated and will be removed in v5 of Transformers. Use `HF_HOME` instead.
  warnings.warn(
/mnt/newdisk/xiekunpeng/LowDiff/miniconda/envs/LowDiff/lib/python3.10/site-packages/transformers/utils/hub.py:110: FutureWarning: Using `TRANSFORMERS_CACHE` is deprecated and will be removed in v5 of Transformers. Use `HF_HOME` instead.
  warnings.warn(
/mnt/newdisk/xiekunpeng/LowDiff/miniconda/envs/LowDiff/lib/python3.10/site-packages/torch/cuda/__init__.py:61: FutureWarning: The pynvml package is deprecated. Please install nvidia-ml-py instead. If you did not install pynvml directly, please report this to the maintainers of the package that installed pynvml for you.
  import pynvml  # type: ignore[import]
/mnt/newdisk/xiekunpeng/LowDiff/miniconda/envs/LowDiff/lib/python3.10/site-packages/torch/cuda/__init__.py:61: FutureWarning: The pynvml package is deprecated. Please install nvidia-ml-py instead. If you did not install pynvml directly, please report this to the maintainers of the package that installed pynvml for you.
  import pynvml  # type: ignore[import]
/mnt/newdisk/xiekunpeng/LowDiff/miniconda/envs/LowDiff/lib/python3.10/site-packages/torch/cuda/__init__.py:61: FutureWarning: The pynvml package is deprecated. Please install nvidia-ml-py instead. If you did not install pynvml directly, please report this to the maintainers of the package that installed pynvml for you.
  import pynvml  # type: ignore[import]
[2026-02-13 00:00:14,516] [INFO] [real_accelerator.py:222:get_accelerator] Setting ds_accelerator to cuda (auto detect)
[2026-02-13 00:00:14,945] [INFO] [real_accelerator.py:222:get_accelerator] Setting ds_accelerator to cuda (auto detect)
/mnt/newdisk/xiekunpeng/LowDiff/miniconda/envs/LowDiff/lib/python3.10/site-packages/torch/cuda/__init__.py:61: FutureWarning: The pynvml package is deprecated. Please install nvidia-ml-py instead. If you did not install pynvml directly, please report this to the maintainers of the package that installed pynvml for you.
  import pynvml  # type: ignore[import]
[2026-02-13 00:00:15,023] [INFO] [real_accelerator.py:222:get_accelerator] Setting ds_accelerator to cuda (auto detect)
[2026-02-13 00:00:16,280] [INFO] [real_accelerator.py:222:get_accelerator] Setting ds_accelerator to cuda (auto detect)
/mnt/newdisk/xiekunpeng/LowDiff/miniconda/envs/LowDiff/lib/python3.10/site-packages/transformers/utils/hub.py:110: FutureWarning: Using `TRANSFORMERS_CACHE` is deprecated and will be removed in v5 of Transformers. Use `HF_HOME` instead.
  warnings.warn(
/mnt/newdisk/xiekunpeng/LowDiff/miniconda/envs/LowDiff/lib/python3.10/site-packages/transformers/utils/hub.py:110: FutureWarning: Using `TRANSFORMERS_CACHE` is deprecated and will be removed in v5 of Transformers. Use `HF_HOME` instead.
  warnings.warn(
/mnt/newdisk/xiekunpeng/LowDiff/miniconda/envs/LowDiff/lib/python3.10/site-packages/transformers/utils/hub.py:110: FutureWarning: Using `TRANSFORMERS_CACHE` is deprecated and will be removed in v5 of Transformers. Use `HF_HOME` instead.
  warnings.warn(
/mnt/newdisk/xiekunpeng/LowDiff/miniconda/envs/LowDiff/lib/python3.10/site-packages/transformers/utils/hub.py:110: FutureWarning: Using `TRANSFORMERS_CACHE` is deprecated and will be removed in v5 of Transformers. Use `HF_HOME` instead.
  warnings.warn(
`use_cache=True` is incompatible with gradient checkpointing. Setting `use_cache=False`...
`loss_type=None` was set in the config but it is unrecognized. Using the default loss: `ForCausalLMLoss`.
`use_cache=True` is incompatible with gradient checkpointing. Setting `use_cache=False`...
`use_cache=True` is incompatible with gradient checkpointing. Setting `use_cache=False`...
`loss_type=None` was set in the config but it is unrecognized. Using the default loss: `ForCausalLMLoss`.
`loss_type=None` was set in the config but it is unrecognized. Using the default loss: `ForCausalLMLoss`.
/mnt/newdisk/xiekunpeng/LowDiff/miniconda/envs/LowDiff/lib/python3.10/site-packages/torch/cuda/__init__.py:61: FutureWarning: The pynvml package is deprecated. Please install nvidia-ml-py instead. If you did not install pynvml directly, please report this to the maintainers of the package that installed pynvml for you.
  import pynvml  # type: ignore[import]
[2026-02-13 00:00:22,946] [INFO] [real_accelerator.py:222:get_accelerator] Setting ds_accelerator to cuda (auto detect)
/mnt/newdisk/xiekunpeng/LowDiff/miniconda/envs/LowDiff/lib/python3.10/site-packages/transformers/utils/hub.py:110: FutureWarning: Using `TRANSFORMERS_CACHE` is deprecated and will be removed in v5 of Transformers. Use `HF_HOME` instead.
  warnings.warn(
/mnt/newdisk/xiekunpeng/LowDiff/miniconda/envs/LowDiff/lib/python3.10/site-packages/torch/cuda/__init__.py:61: FutureWarning: The pynvml package is deprecated. Please install nvidia-ml-py instead. If you did not install pynvml directly, please report this to the maintainers of the package that installed pynvml for you.
  import pynvml  # type: ignore[import]
[2026-02-13 00:00:29,901] [INFO] [real_accelerator.py:222:get_accelerator] Setting ds_accelerator to cuda (auto detect)
/mnt/newdisk/xiekunpeng/LowDiff/miniconda/envs/LowDiff/lib/python3.10/site-packages/transformers/utils/hub.py:110: FutureWarning: Using `TRANSFORMERS_CACHE` is deprecated and will be removed in v5 of Transformers. Use `HF_HOME` instead.
  warnings.warn(
[Epoch 0] Skipping batch 0 (already trained)
[Epoch 0] Skipping batch 10 (already trained)
[Epoch 0] Skipping batch 20 (already trained)
[Epoch 0] Skipping batch 30 (already trained)
[Epoch 0] Skipping batch 40 (already trained)
[Epoch 0] Skipping batch 50 (already trained)
[Epoch 0] Skipping batch 60 (already trained)
[Epoch 0] Skipping batch 70 (already trained)
[Epoch 0] Skipping batch 80 (already trained)
[Epoch 0] Skipping batch 90 (already trained)
[Epoch 0] Skipping batch 100 (already trained)
[Epoch 0] Skipping batch 110 (already trained)
[Epoch 0] Skipping batch 120 (already trained)
[Epoch 0] Skipping batch 130 (already trained)
[Epoch 0] Skipping batch 140 (already trained)
[Epoch 0] Skipping batch 150 (already trained)
[Epoch 0] Skipping batch 160 (already trained)
[Epoch 0] Skipping batch 170 (already trained)
[Epoch 0] Skipping batch 180 (already trained)
[Epoch 0] Skipping batch 190 (already trained)
[Epoch 0] Skipping batch 200 (already trained)
[Epoch 0] Skipping batch 210 (already trained)
[Epoch 0] Skipping batch 220 (already trained)
[Epoch 0] Skipping batch 230 (already trained)
[Epoch 0] Skipping batch 240 (already trained)
[Epoch 0] Skipping batch 250 (already trained)
[Epoch 0] Skipping batch 260 (already trained)
[Epoch 0] Skipping batch 270 (already trained)
`use_cache=True` is incompatible with gradient checkpointing. Setting `use_cache=False`...
`loss_type=None` was set in the config but it is unrecognized. Using the default loss: `ForCausalLMLoss`.
[Epoch 0/1] Batch 280, Loss: 4.282, Time: 0.875
[rank0]:[W213 00:00:36.453474514 CudaIPCTypes.cpp:96] Producer process tried to deallocate over 1000 memory blocks referred by consumer processes. Deallocation might be significantly slowed down. We assume it will never going to be the case, but if it is, please file but to https://github.com/pytorch/pytorch
[Epoch 0/1] Batch 281, Loss: 4.409, Time: 0.592
