/mnt/newdisk/xiekunpeng/LowDiff/miniconda/envs/LowDiff/lib/python3.10/site-packages/torch/cuda/__init__.py:61: FutureWarning: The pynvml package is deprecated. Please install nvidia-ml-py instead. If you did not install pynvml directly, please report this to the maintainers of the package that installed pynvml for you.
  import pynvml  # type: ignore[import]
[2026-02-13 00:33:16,341] [INFO] [real_accelerator.py:222:get_accelerator] Setting ds_accelerator to cuda (auto detect)
/mnt/newdisk/xiekunpeng/LowDiff/miniconda/envs/LowDiff/lib/python3.10/site-packages/transformers/utils/hub.py:110: FutureWarning: Using `TRANSFORMERS_CACHE` is deprecated and will be removed in v5 of Transformers. Use `HF_HOME` instead.
  warnings.warn(
[2026-02-13 00:33:20,050] [WARNING] [runner.py:215:fetch_hostfile] Unable to find hostfile, will proceed with training with local resources only.
[2026-02-13 00:33:20,051] [INFO] [runner.py:607:main] cmd = /mnt/newdisk/xiekunpeng/LowDiff/miniconda/envs/LowDiff/bin/python3.10 -u -m deepspeed.launcher.launch --world_info=eyJsb2NhbGhvc3QiOiBbMCwgMSwgMiwgM119 --master_addr=127.0.0.1 --master_port=29500 --enable_each_rank_log=None ./torch/parallel_recovery.py --dataset wikitext-2 --model gpt2 --epochs 1 --batch-size 4 --compressor topk --compressor_ratio 0.01 --diff --freq 50 --save-batch-freq 20 --save-dir /mnt/newdisk/xiekunpeng/LowDiff/data/lowdiff --resume 1
/mnt/newdisk/xiekunpeng/LowDiff/miniconda/envs/LowDiff/lib/python3.10/site-packages/torch/cuda/__init__.py:61: FutureWarning: The pynvml package is deprecated. Please install nvidia-ml-py instead. If you did not install pynvml directly, please report this to the maintainers of the package that installed pynvml for you.
  import pynvml  # type: ignore[import]
[2026-02-13 00:33:22,086] [INFO] [real_accelerator.py:222:get_accelerator] Setting ds_accelerator to cuda (auto detect)
/mnt/newdisk/xiekunpeng/LowDiff/miniconda/envs/LowDiff/lib/python3.10/site-packages/transformers/utils/hub.py:110: FutureWarning: Using `TRANSFORMERS_CACHE` is deprecated and will be removed in v5 of Transformers. Use `HF_HOME` instead.
  warnings.warn(
[2026-02-13 00:33:25,750] [INFO] [launch.py:139:main] 0 NCCL_IB_DISABLE=1
[2026-02-13 00:33:25,750] [INFO] [launch.py:146:main] WORLD INFO DICT: {'localhost': [0, 1, 2, 3]}
[2026-02-13 00:33:25,750] [INFO] [launch.py:152:main] nnodes=1, num_local_procs=4, node_rank=0
[2026-02-13 00:33:25,750] [INFO] [launch.py:163:main] global_rank_mapping=defaultdict(<class 'list'>, {'localhost': [0, 1, 2, 3]})
[2026-02-13 00:33:25,751] [INFO] [launch.py:164:main] dist_world_size=4
[2026-02-13 00:33:25,751] [INFO] [launch.py:168:main] Setting CUDA_VISIBLE_DEVICES=0,1,2,3
[2026-02-13 00:33:25,751] [INFO] [launch.py:256:main] process 1011475 spawned with command: ['/mnt/newdisk/xiekunpeng/LowDiff/miniconda/envs/LowDiff/bin/python3.10', '-u', './torch/parallel_recovery.py', '--local_rank=0', '--dataset', 'wikitext-2', '--model', 'gpt2', '--epochs', '1', '--batch-size', '4', '--compressor', 'topk', '--compressor_ratio', '0.01', '--diff', '--freq', '50', '--save-batch-freq', '20', '--save-dir', '/mnt/newdisk/xiekunpeng/LowDiff/data/lowdiff', '--resume', '1']
[2026-02-13 00:33:25,752] [INFO] [launch.py:256:main] process 1011476 spawned with command: ['/mnt/newdisk/xiekunpeng/LowDiff/miniconda/envs/LowDiff/bin/python3.10', '-u', './torch/parallel_recovery.py', '--local_rank=1', '--dataset', 'wikitext-2', '--model', 'gpt2', '--epochs', '1', '--batch-size', '4', '--compressor', 'topk', '--compressor_ratio', '0.01', '--diff', '--freq', '50', '--save-batch-freq', '20', '--save-dir', '/mnt/newdisk/xiekunpeng/LowDiff/data/lowdiff', '--resume', '1']
[2026-02-13 00:33:25,753] [INFO] [launch.py:256:main] process 1011477 spawned with command: ['/mnt/newdisk/xiekunpeng/LowDiff/miniconda/envs/LowDiff/bin/python3.10', '-u', './torch/parallel_recovery.py', '--local_rank=2', '--dataset', 'wikitext-2', '--model', 'gpt2', '--epochs', '1', '--batch-size', '4', '--compressor', 'topk', '--compressor_ratio', '0.01', '--diff', '--freq', '50', '--save-batch-freq', '20', '--save-dir', '/mnt/newdisk/xiekunpeng/LowDiff/data/lowdiff', '--resume', '1']
[2026-02-13 00:33:25,755] [INFO] [launch.py:256:main] process 1011478 spawned with command: ['/mnt/newdisk/xiekunpeng/LowDiff/miniconda/envs/LowDiff/bin/python3.10', '-u', './torch/parallel_recovery.py', '--local_rank=3', '--dataset', 'wikitext-2', '--model', 'gpt2', '--epochs', '1', '--batch-size', '4', '--compressor', 'topk', '--compressor_ratio', '0.01', '--diff', '--freq', '50', '--save-batch-freq', '20', '--save-dir', '/mnt/newdisk/xiekunpeng/LowDiff/data/lowdiff', '--resume', '1']
/mnt/newdisk/xiekunpeng/LowDiff/miniconda/envs/LowDiff/lib/python3.10/site-packages/torch/cuda/__init__.py:61: FutureWarning: The pynvml package is deprecated. Please install nvidia-ml-py instead. If you did not install pynvml directly, please report this to the maintainers of the package that installed pynvml for you.
  import pynvml  # type: ignore[import]
/mnt/newdisk/xiekunpeng/LowDiff/miniconda/envs/LowDiff/lib/python3.10/site-packages/torch/cuda/__init__.py:61: FutureWarning: The pynvml package is deprecated. Please install nvidia-ml-py instead. If you did not install pynvml directly, please report this to the maintainers of the package that installed pynvml for you.
  import pynvml  # type: ignore[import]
/mnt/newdisk/xiekunpeng/LowDiff/miniconda/envs/LowDiff/lib/python3.10/site-packages/torch/cuda/__init__.py:61: FutureWarning: The pynvml package is deprecated. Please install nvidia-ml-py instead. If you did not install pynvml directly, please report this to the maintainers of the package that installed pynvml for you.
  import pynvml  # type: ignore[import]
/mnt/newdisk/xiekunpeng/LowDiff/miniconda/envs/LowDiff/lib/python3.10/site-packages/torch/cuda/__init__.py:61: FutureWarning: The pynvml package is deprecated. Please install nvidia-ml-py instead. If you did not install pynvml directly, please report this to the maintainers of the package that installed pynvml for you.
  import pynvml  # type: ignore[import]
[2026-02-13 00:33:28,022] [INFO] [real_accelerator.py:222:get_accelerator] Setting ds_accelerator to cuda (auto detect)
[2026-02-13 00:33:28,277] [INFO] [real_accelerator.py:222:get_accelerator] Setting ds_accelerator to cuda (auto detect)
[2026-02-13 00:33:28,299] [INFO] [real_accelerator.py:222:get_accelerator] Setting ds_accelerator to cuda (auto detect)
[2026-02-13 00:33:28,307] [INFO] [real_accelerator.py:222:get_accelerator] Setting ds_accelerator to cuda (auto detect)
/mnt/newdisk/xiekunpeng/LowDiff/miniconda/envs/LowDiff/lib/python3.10/site-packages/transformers/utils/hub.py:110: FutureWarning: Using `TRANSFORMERS_CACHE` is deprecated and will be removed in v5 of Transformers. Use `HF_HOME` instead.
  warnings.warn(
/mnt/newdisk/xiekunpeng/LowDiff/miniconda/envs/LowDiff/lib/python3.10/site-packages/transformers/utils/hub.py:110: FutureWarning: Using `TRANSFORMERS_CACHE` is deprecated and will be removed in v5 of Transformers. Use `HF_HOME` instead.
  warnings.warn(
/mnt/newdisk/xiekunpeng/LowDiff/miniconda/envs/LowDiff/lib/python3.10/site-packages/transformers/utils/hub.py:110: FutureWarning: Using `TRANSFORMERS_CACHE` is deprecated and will be removed in v5 of Transformers. Use `HF_HOME` instead.
  warnings.warn(
/mnt/newdisk/xiekunpeng/LowDiff/miniconda/envs/LowDiff/lib/python3.10/site-packages/transformers/utils/hub.py:110: FutureWarning: Using `TRANSFORMERS_CACHE` is deprecated and will be removed in v5 of Transformers. Use `HF_HOME` instead.
  warnings.warn(
[2026-02-13 00:33:32,443] [INFO] [comm.py:658:init_distributed] cdb=None
[2026-02-13 00:33:32,747] [INFO] [comm.py:658:init_distributed] cdb=None
[2026-02-13 00:33:32,747] [INFO] [comm.py:658:init_distributed] cdb=None
[2026-02-13 00:33:32,749] [INFO] [comm.py:658:init_distributed] cdb=None
[2026-02-13 00:33:32,749] [INFO] [comm.py:689:init_distributed] Initializing TorchBackend in DeepSpeed with backend nccl
[rank1]:[W213 00:33:33.492108628 ProcessGroupNCCL.cpp:4561] [PG ID 0 PG GUID 0 Rank 1]  using GPU 1 to perform barrier as devices used by this process are currently unknown. This can potentially cause a hang if this rank to GPU mapping is incorrect. Specify device_ids in barrier() to force use of a particular device, or call init_process_group() with a device_id.
[rank2]:[W213 00:33:33.505251226 ProcessGroupNCCL.cpp:4561] [PG ID 0 PG GUID 0 Rank 2]  using GPU 2 to perform barrier as devices used by this process are currently unknown. This can potentially cause a hang if this rank to GPU mapping is incorrect. Specify device_ids in barrier() to force use of a particular device, or call init_process_group() with a device_id.
[rank3]:[W213 00:33:33.960773130 ProcessGroupNCCL.cpp:4561] [PG ID 0 PG GUID 0 Rank 3]  using GPU 3 to perform barrier as devices used by this process are currently unknown. This can potentially cause a hang if this rank to GPU mapping is incorrect. Specify device_ids in barrier() to force use of a particular device, or call init_process_group() with a device_id.
[rank0]:[W213 00:33:33.054246278 ProcessGroupNCCL.cpp:4561] [PG ID 0 PG GUID 0 Rank 0]  using GPU 0 to perform barrier as devices used by this process are currently unknown. This can potentially cause a hang if this rank to GPU mapping is incorrect. Specify device_ids in barrier() to force use of a particular device, or call init_process_group() with a device_id.
[Rank 3/4] Initialized DeepSpeed
[Rank 0/4] Initialized DeepSpeed
[Rank 1/4] Initialized DeepSpeed
[Rank 2/4] Initialized DeepSpeed
Tokenizer loaded successfully.
Tokenizer loaded successfully.
Tokenizer loaded successfully.
Tokenizer loaded successfully.
Dataset map successfully.
Loading model...
Dataset map successfully.
Loading model...
Dataset map successfully.
Loading model...
Dataset map successfully.
Loading model...
Model loaded successfully.
[2026-02-13 00:33:36,417] [INFO] [config.py:734:__init__] Config mesh_device None world_size = 4
Model loaded successfully.
[2026-02-13 00:33:36,507] [INFO] [config.py:734:__init__] Config mesh_device None world_size = 4
Model loaded successfully.
[2026-02-13 00:33:36,577] [INFO] [logging.py:128:log_dist] [Rank 0] DeepSpeed info: version=0.16.4, git-hash=unknown, git-branch=unknown
[2026-02-13 00:33:36,577] [INFO] [config.py:734:__init__] Config mesh_device None world_size = 4
Model loaded successfully.
[2026-02-13 00:33:36,598] [INFO] [config.py:734:__init__] Config mesh_device None world_size = 4
[2026-02-13 00:33:36,855] [INFO] [logging.py:128:log_dist] [Rank 0] DeepSpeed Flops Profiler Enabled: False
Using /home/xiekunpeng/.cache/torch_extensions/py310_cu124 as PyTorch extensions root...
Using /home/xiekunpeng/.cache/torch_extensions/py310_cu124 as PyTorch extensions root...
Using /home/xiekunpeng/.cache/torch_extensions/py310_cu124 as PyTorch extensions root...
Using /home/xiekunpeng/.cache/torch_extensions/py310_cu124 as PyTorch extensions root...
Detected CUDA files, patching ldflags
Emitting ninja build file /home/xiekunpeng/.cache/torch_extensions/py310_cu124/fused_adam/build.ninja...
/mnt/newdisk/xiekunpeng/LowDiff/miniconda/envs/LowDiff/lib/python3.10/site-packages/torch/utils/cpp_extension.py:2059: UserWarning: TORCH_CUDA_ARCH_LIST is not set, all archs for visible cards are included for compilation. 
If this is not desired, please set os.environ['TORCH_CUDA_ARCH_LIST'].
  warnings.warn(
Building extension module fused_adam...
Allowing ninja to set a default number of workers... (overridable by setting the environment variable MAX_JOBS=N)
ninja: no work to do.
Loading extension module fused_adam...
Time to load fused_adam op: 0.07070088386535645 seconds
Loading extension module fused_adam...
Loading extension module fused_adam...
Loading extension module fused_adam...
Time to load fused_adam op: 0.1027688980102539 seconds
Time to load fused_adam op: 0.10272002220153809 seconds
Time to load fused_adam op: 0.102630615234375 seconds
Using 20 threads for gradient decompression.
[2026-02-13 00:33:36,963] [INFO] [logging.py:128:log_dist] [Rank 0] Using DeepSpeed Optimizer param name adamw as basic optimizer
[2026-02-13 00:33:36,963] [INFO] [logging.py:128:log_dist] [Rank 0] Removing param_group that has no 'params' in the basic Optimizer
[2026-02-13 00:33:36,975] [INFO] [logging.py:128:log_dist] [Rank 0] DeepSpeed Basic Optimizer = FusedAdam
[2026-02-13 00:33:36,975] [INFO] [logging.py:128:log_dist] [Rank 0] DeepSpeed Final Optimizer = FusedAdam
[2026-02-13 00:33:36,976] [INFO] [logging.py:128:log_dist] [Rank 0] DeepSpeed using configured LR scheduler = None
[2026-02-13 00:33:36,976] [INFO] [logging.py:128:log_dist] [Rank 0] DeepSpeed LR Scheduler = None
[2026-02-13 00:33:36,976] [INFO] [logging.py:128:log_dist] [Rank 0] step=0, skipped=0, lr=[0.0005], mom=[(0.9, 0.999)]
Using 20 threads for gradient decompression.
[2026-02-13 00:33:36,977] [INFO] [config.py:1001:print] DeepSpeedEngine configuration:
Using 20 threads for gradient decompression.
[2026-02-13 00:33:36,978] [INFO] [config.py:1005:print]   activation_checkpointing_config  {
    "partition_activations": false, 
    "contiguous_memory_optimization": false, 
    "cpu_checkpointing": false, 
    "number_checkpoints": null, 
    "synchronize_checkpoint_boundary": false, 
    "profile": false
}
[2026-02-13 00:33:36,978] [INFO] [config.py:1005:print]   aio_config ................... {'block_size': 1048576, 'queue_depth': 8, 'intra_op_parallelism': 1, 'single_submit': False, 'overlap_events': True, 'use_gds': False}
[2026-02-13 00:33:36,978] [INFO] [config.py:1005:print]   amp_enabled .................. False
[2026-02-13 00:33:36,978] [INFO] [config.py:1005:print]   amp_params ................... False
[2026-02-13 00:33:36,979] [INFO] [config.py:1005:print]   autotuning_config ............ {
    "enabled": false, 
    "start_step": null, 
    "end_step": null, 
    "metric_path": null, 
    "arg_mappings": null, 
    "metric": "throughput", 
    "model_info": null, 
    "results_dir": "autotuning_results", 
    "exps_dir": "autotuning_exps", 
    "overwrite": true, 
    "fast": true, 
    "start_profile_step": 3, 
    "end_profile_step": 5, 
    "tuner_type": "gridsearch", 
    "tuner_early_stopping": 5, 
    "tuner_num_trials": 50, 
    "model_info_path": null, 
    "mp_size": 1, 
    "max_train_batch_size": null, 
    "min_train_batch_size": 1, 
    "max_train_micro_batch_size_per_gpu": 1.024000e+03, 
    "min_train_micro_batch_size_per_gpu": 1, 
    "num_tuning_micro_batch_sizes": 3
}
[2026-02-13 00:33:36,979] [INFO] [config.py:1005:print]   bfloat16_enabled ............. False
[2026-02-13 00:33:36,979] [INFO] [config.py:1005:print]   bfloat16_immediate_grad_update  False
[2026-02-13 00:33:36,979] [INFO] [config.py:1005:print]   checkpoint_parallel_write_pipeline  False
[2026-02-13 00:33:36,979] [INFO] [config.py:1005:print]   checkpoint_tag_validation_enabled  True
[2026-02-13 00:33:36,979] [INFO] [config.py:1005:print]   checkpoint_tag_validation_fail  False
[2026-02-13 00:33:36,979] [INFO] [config.py:1005:print]   comms_config ................. <deepspeed.comm.config.DeepSpeedCommsConfig object at 0x7f9d9468fa90>
[2026-02-13 00:33:36,980] [INFO] [config.py:1005:print]   communication_data_type ...... None
[2026-02-13 00:33:36,980] [INFO] [config.py:1005:print]   compression_config ........... {'weight_quantization': {'shared_parameters': {'enabled': False, 'quantizer_kernel': False, 'schedule_offset': 0, 'quantize_groups': 1, 'quantize_verbose': False, 'quantization_type': 'symmetric', 'quantize_weight_in_forward': False, 'rounding': 'nearest', 'fp16_mixed_quantize': False, 'quantize_change_ratio': 0.001}, 'different_groups': {}}, 'activation_quantization': {'shared_parameters': {'enabled': False, 'quantization_type': 'symmetric', 'range_calibration': 'dynamic', 'schedule_offset': 1000}, 'different_groups': {}}, 'sparse_pruning': {'shared_parameters': {'enabled': False, 'method': 'l1', 'schedule_offset': 1000}, 'different_groups': {}}, 'row_pruning': {'shared_parameters': {'enabled': False, 'method': 'l1', 'schedule_offset': 1000}, 'different_groups': {}}, 'head_pruning': {'shared_parameters': {'enabled': False, 'method': 'topk', 'schedule_offset': 1000}, 'different_groups': {}}, 'channel_pruning': {'shared_parameters': {'enabled': False, 'method': 'l1', 'schedule_offset': 1000}, 'different_groups': {}}, 'layer_reduction': {'enabled': False}}
[2026-02-13 00:33:36,980] [INFO] [config.py:1005:print]   curriculum_enabled_legacy .... False
[2026-02-13 00:33:36,980] [INFO] [config.py:1005:print]   curriculum_params_legacy ..... False
[2026-02-13 00:33:36,980] [INFO] [config.py:1005:print]   data_efficiency_config ....... {'enabled': False, 'seed': 1234, 'data_sampling': {'enabled': False, 'num_epochs': 1000, 'num_workers': 0, 'curriculum_learning': {'enabled': False}}, 'data_routing': {'enabled': False, 'random_ltd': {'enabled': False, 'layer_token_lr_schedule': {'enabled': False}}}}
[2026-02-13 00:33:36,980] [INFO] [config.py:1005:print]   data_efficiency_enabled ...... False
[2026-02-13 00:33:36,980] [INFO] [config.py:1005:print]   dataloader_drop_last ......... False
[2026-02-13 00:33:36,981] [INFO] [config.py:1005:print]   disable_allgather ............ False
[2026-02-13 00:33:36,981] [INFO] [config.py:1005:print]   dump_state ................... False
[2026-02-13 00:33:36,981] [INFO] [config.py:1005:print]   dynamic_loss_scale_args ...... None
[2026-02-13 00:33:36,981] [INFO] [config.py:1005:print]   eigenvalue_enabled ........... False
[2026-02-13 00:33:36,981] [INFO] [config.py:1005:print]   eigenvalue_gas_boundary_resolution  1
[2026-02-13 00:33:36,981] [INFO] [config.py:1005:print]   eigenvalue_layer_name ........ bert.encoder.layer
[2026-02-13 00:33:36,982] [INFO] [config.py:1005:print]   eigenvalue_layer_num ......... 0
[2026-02-13 00:33:36,982] [INFO] [config.py:1005:print]   eigenvalue_max_iter .......... 100
[2026-02-13 00:33:36,982] [INFO] [config.py:1005:print]   eigenvalue_stability ......... 1e-06
[2026-02-13 00:33:36,982] [INFO] [config.py:1005:print]   eigenvalue_tol ............... 0.01
[2026-02-13 00:33:36,982] [INFO] [config.py:1005:print]   eigenvalue_verbose ........... False
[2026-02-13 00:33:36,982] [INFO] [config.py:1005:print]   elasticity_enabled ........... False
[2026-02-13 00:33:36,982] [INFO] [config.py:1005:print]   flops_profiler_config ........ {
    "enabled": false, 
    "recompute_fwd_factor": 0.0, 
    "profile_step": 1, 
    "module_depth": -1, 
    "top_modules": 1, 
    "detailed": true, 
    "output_file": null
}
[2026-02-13 00:33:36,982] [INFO] [config.py:1005:print]   fp16_auto_cast ............... None
[2026-02-13 00:33:36,982] [INFO] [config.py:1005:print]   fp16_enabled ................. False
[2026-02-13 00:33:36,982] [INFO] [config.py:1005:print]   fp16_master_weights_and_gradients  False
[2026-02-13 00:33:36,983] [INFO] [config.py:1005:print]   global_rank .................. 0
[2026-02-13 00:33:36,983] [INFO] [config.py:1005:print]   grad_accum_dtype ............. None
[2026-02-13 00:33:36,983] [INFO] [config.py:1005:print]   gradient_accumulation_steps .. 1
[2026-02-13 00:33:36,983] [INFO] [config.py:1005:print]   gradient_clipping ............ 0.0
[2026-02-13 00:33:36,983] [INFO] [config.py:1005:print]   gradient_predivide_factor .... 1.0
[2026-02-13 00:33:36,983] [INFO] [config.py:1005:print]   graph_harvesting ............. False
[2026-02-13 00:33:36,983] [INFO] [config.py:1005:print]   hybrid_engine ................ enabled=False max_out_tokens=512 inference_tp_size=1 release_inference_cache=False pin_parameters=True tp_gather_partition_size=8
[2026-02-13 00:33:36,983] [INFO] [config.py:1005:print]   initial_dynamic_scale ........ 65536
[2026-02-13 00:33:36,983] [INFO] [config.py:1005:print]   load_universal_checkpoint .... False
[2026-02-13 00:33:36,983] [INFO] [config.py:1005:print]   loss_scale ................... 0
[2026-02-13 00:33:36,983] [INFO] [config.py:1005:print]   memory_breakdown ............. False
[2026-02-13 00:33:36,983] [INFO] [config.py:1005:print]   mics_hierarchial_params_gather  False
[2026-02-13 00:33:36,983] [INFO] [config.py:1005:print]   mics_shard_size .............. -1
[2026-02-13 00:33:36,984] [INFO] [config.py:1005:print]   monitor_config ............... tensorboard=TensorBoardConfig(enabled=False, output_path='', job_name='DeepSpeedJobName') comet=CometConfig(enabled=False, samples_log_interval=100, project=None, workspace=None, api_key=None, experiment_name=None, experiment_key=None, online=None, mode=None) wandb=WandbConfig(enabled=False, group=None, team=None, project='deepspeed') csv_monitor=CSVConfig(enabled=False, output_path='', job_name='DeepSpeedJobName')
[2026-02-13 00:33:36,984] [INFO] [config.py:1005:print]   nebula_config ................ {
    "enabled": false, 
    "persistent_storage_path": null, 
    "persistent_time_interval": 100, 
    "num_of_version_in_retention": 2, 
    "enable_nebula_load": true, 
    "load_path": null
}
[2026-02-13 00:33:36,984] [INFO] [config.py:1005:print]   optimizer_legacy_fusion ...... False
[2026-02-13 00:33:36,984] [INFO] [config.py:1005:print]   optimizer_name ............... adamw
[2026-02-13 00:33:36,984] [INFO] [config.py:1005:print]   optimizer_params ............. {'lr': 0.0005, 'weight_decay': 0.01}
[2026-02-13 00:33:36,984] [INFO] [config.py:1005:print]   pipeline ..................... {'stages': 'auto', 'partition': 'best', 'seed_layers': False, 'activation_checkpoint_interval': 0, 'pipe_partitioned': True, 'grad_partitioned': True}
[2026-02-13 00:33:36,984] [INFO] [config.py:1005:print]   pld_enabled .................. False
[2026-02-13 00:33:36,984] [INFO] [config.py:1005:print]   pld_params ................... False
[2026-02-13 00:33:36,984] [INFO] [config.py:1005:print]   prescale_gradients ........... False
[2026-02-13 00:33:36,984] [INFO] [config.py:1005:print]   scheduler_name ............... None
[2026-02-13 00:33:36,984] [INFO] [config.py:1005:print]   scheduler_params ............. None
[2026-02-13 00:33:36,984] [INFO] [config.py:1005:print]   seq_parallel_communication_data_type  torch.float32
[2026-02-13 00:33:36,984] [INFO] [config.py:1005:print]   sparse_attention ............. None
[2026-02-13 00:33:36,984] [INFO] [config.py:1005:print]   sparse_gradients_enabled ..... False
[2026-02-13 00:33:36,984] [INFO] [config.py:1005:print]   steps_per_print .............. None
[2026-02-13 00:33:36,985] [INFO] [config.py:1005:print]   tensor_parallel_config ....... dtype=torch.float16 autotp_size=0 tensor_parallel=TPConfig(tp_size=1, tp_grain_size=1, mpu=None, tp_group=None) injection_policy_tuple=None keep_module_on_host=False replace_with_kernel_inject=False
[2026-02-13 00:33:36,985] [INFO] [config.py:1005:print]   timers_config ................ enabled=True synchronized=True
[2026-02-13 00:33:36,985] [INFO] [config.py:1005:print]   train_batch_size ............. 4
[2026-02-13 00:33:36,985] [INFO] [config.py:1005:print]   train_micro_batch_size_per_gpu  1
[2026-02-13 00:33:36,985] [INFO] [config.py:1005:print]   use_data_before_expert_parallel_  False
[2026-02-13 00:33:36,985] [INFO] [config.py:1005:print]   use_node_local_storage ....... False
[2026-02-13 00:33:36,985] [INFO] [config.py:1005:print]   wall_clock_breakdown ......... False
[2026-02-13 00:33:36,985] [INFO] [config.py:1005:print]   weight_quantization_config ... None
[2026-02-13 00:33:36,985] [INFO] [config.py:1005:print]   world_size ................... 4
[2026-02-13 00:33:36,985] [INFO] [config.py:1005:print]   zero_allow_untested_optimizer  False
[2026-02-13 00:33:36,985] [INFO] [config.py:1005:print]   zero_config .................. stage=0 contiguous_gradients=True reduce_scatter=True reduce_bucket_size=500000000 use_multi_rank_bucket_allreduce=True allgather_partitions=True allgather_bucket_size=500000000 overlap_comm=False load_from_fp32_weights=True elastic_checkpoint=False offload_param=None offload_optimizer=None sub_group_size=1000000000 cpu_offload_param=None cpu_offload_use_pin_memory=None cpu_offload=None prefetch_bucket_size=50000000 param_persistence_threshold=100000 model_persistence_threshold=9223372036854775807 max_live_parameters=1000000000 max_reuse_distance=1000000000 gather_16bit_weights_on_model_save=False module_granularity_threshold=0 use_all_reduce_for_fetch_params=False stage3_gather_fp16_weights_on_model_save=False ignore_unused_parameters=True legacy_stage1=False round_robin_gradients=False zero_hpz_partition_size=1 zero_quantized_weights=False zero_quantized_nontrainable_weights=False zero_quantized_gradients=False zeropp_loco_param=None mics_shard_size=-1 mics_hierarchical_params_gather=False memory_efficient_linear=True pipeline_loading_checkpoint=False override_module_apply=True log_trace_cache_warnings=False
[2026-02-13 00:33:36,985] [INFO] [config.py:1005:print]   zero_enabled ................. False
[2026-02-13 00:33:36,985] [INFO] [config.py:1005:print]   zero_force_ds_cpu_optimizer .. True
[2026-02-13 00:33:36,985] [INFO] [config.py:1005:print]   zero_optimization_stage ...... 0
[2026-02-13 00:33:36,985] [INFO] [config.py:991:print_user_config]   json = {
    "train_batch_size": 4, 
    "gradient_accumulation_steps": 1, 
    "optimizer": {
        "type": "AdamW", 
        "params": {
            "lr": 0.0005, 
            "weight_decay": 0.01
        }
    }
}
Loading /mnt/newdisk/xiekunpeng/LowDiff/data/lowdiff/gpt2_wikitext-2_topk_0.01_0_250_full.pth.tar
/mnt/newdisk/xiekunpeng/LowDiff/miniconda/envs/LowDiff/lib/python3.10/site-packages/torch/cuda/__init__.py:61: FutureWarning: The pynvml package is deprecated. Please install nvidia-ml-py instead. If you did not install pynvml directly, please report this to the maintainers of the package that installed pynvml for you.
  import pynvml  # type: ignore[import]
/mnt/newdisk/xiekunpeng/LowDiff/miniconda/envs/LowDiff/lib/python3.10/site-packages/torch/cuda/__init__.py:61: FutureWarning: The pynvml package is deprecated. Please install nvidia-ml-py instead. If you did not install pynvml directly, please report this to the maintainers of the package that installed pynvml for you.
  import pynvml  # type: ignore[import]
/mnt/newdisk/xiekunpeng/LowDiff/miniconda/envs/LowDiff/lib/python3.10/site-packages/torch/cuda/__init__.py:61: FutureWarning: The pynvml package is deprecated. Please install nvidia-ml-py instead. If you did not install pynvml directly, please report this to the maintainers of the package that installed pynvml for you.
  import pynvml  # type: ignore[import]
Base checkpoint loaded in 1.594s (epoch 0, batch 250)
Base checkpoint loaded: epoch 0, batch 250
Will replay differential checkpoints from batch 251 onwards

================================================================================
Batch parallel recovery started (parallel decompression + serial application)
================================================================================

Max diff ckpt at epoch 1, iteration 279 (after base batch 250)
Found checkpoints from batch 251 to 279
Found 2 batch files to load

[PERF] Data preparation started at 1770914018.616s
[PERF] OPTIMIZATION S1: Passing file paths to workers (no data loading)
[2026-02-13 00:33:39,300] [INFO] [real_accelerator.py:222:get_accelerator] Setting ds_accelerator to cuda (auto detect)
[2026-02-13 00:33:39,362] [INFO] [real_accelerator.py:222:get_accelerator] Setting ds_accelerator to cuda (auto detect)
[2026-02-13 00:33:39,374] [INFO] [real_accelerator.py:222:get_accelerator] Setting ds_accelerator to cuda (auto detect)
/mnt/newdisk/xiekunpeng/LowDiff/miniconda/envs/LowDiff/lib/python3.10/site-packages/transformers/utils/hub.py:110: FutureWarning: Using `TRANSFORMERS_CACHE` is deprecated and will be removed in v5 of Transformers. Use `HF_HOME` instead.
  warnings.warn(
/mnt/newdisk/xiekunpeng/LowDiff/miniconda/envs/LowDiff/lib/python3.10/site-packages/transformers/utils/hub.py:110: FutureWarning: Using `TRANSFORMERS_CACHE` is deprecated and will be removed in v5 of Transformers. Use `HF_HOME` instead.
  warnings.warn(
/mnt/newdisk/xiekunpeng/LowDiff/miniconda/envs/LowDiff/lib/python3.10/site-packages/transformers/utils/hub.py:110: FutureWarning: Using `TRANSFORMERS_CACHE` is deprecated and will be removed in v5 of Transformers. Use `HF_HOME` instead.
  warnings.warn(
[PERF] File 1/2: gpt2_wikitext-2_topk_0.01_0-259_batch20.pth.tar
       Size: 803.55 MB | Scan time: 3.800s
       Mapped 9 checkpoints to this file (batch 240 to 259)
/mnt/newdisk/xiekunpeng/LowDiff/miniconda/envs/LowDiff/lib/python3.10/site-packages/torch/cuda/__init__.py:61: FutureWarning: The pynvml package is deprecated. Please install nvidia-ml-py instead. If you did not install pynvml directly, please report this to the maintainers of the package that installed pynvml for you.
  import pynvml  # type: ignore[import]
/mnt/newdisk/xiekunpeng/LowDiff/miniconda/envs/LowDiff/lib/python3.10/site-packages/torch/cuda/__init__.py:61: FutureWarning: The pynvml package is deprecated. Please install nvidia-ml-py instead. If you did not install pynvml directly, please report this to the maintainers of the package that installed pynvml for you.
  import pynvml  # type: ignore[import]
/mnt/newdisk/xiekunpeng/LowDiff/miniconda/envs/LowDiff/lib/python3.10/site-packages/torch/cuda/__init__.py:61: FutureWarning: The pynvml package is deprecated. Please install nvidia-ml-py instead. If you did not install pynvml directly, please report this to the maintainers of the package that installed pynvml for you.
  import pynvml  # type: ignore[import]
[PERF] File 2/2: gpt2_wikitext-2_topk_0.01_0-279_batch20.pth.tar
       Size: 729.95 MB | Scan time: 3.101s
       Mapped 20 checkpoints to this file (batch 260 to 279)

[PERF] ========== Data Preparation Summary ==========
[PERF] Total time: 6.901s
[PERF] Files scanned: 2
[PERF] Checkpoint mappings created: 29
[PERF] Total data size (to be loaded by workers): ~1533.50 MB
[PERF] Metadata size to transfer to workers: ~0.003 MB
[PERF] Expected serialization reduction: 528793x
[PERF] ==================================================


Using 4 GPUs for parallel decompression
GPU 0: 8 checkpoints (batch 251-258)
GPU 1: 7 checkpoints (batch 259-265)
GPU 2: 7 checkpoints (batch 266-272)
GPU 3: 7 checkpoints (batch 273-279)

[PERF] ========== Worker Launch Stage (SHARED-MEM) ==========
[PERF] OPTIMIZATION S2: Using CUDA IPC for zero-copy tensor transfer
[PERF] Launch started at 1770914025.521s
[PERF] Worker GPU 0 launched at 1770914025.521s (PID: 1012869)
       Launch delay: 0.002s | Checkpoints: 8 | Metadata: ~0.8 KB
[PERF] Worker GPU 1 launched at 1770914025.523s (PID: 1012870)
       Launch delay: 0.027s | Checkpoints: 7 | Metadata: ~0.7 KB
[PERF] Worker GPU 2 launched at 1770914025.550s (PID: 1012871)
       Launch delay: 0.001s | Checkpoints: 7 | Metadata: ~0.7 KB
[PERF] Worker GPU 3 launched at 1770914025.551s (PID: 1012872)
       Launch delay: 0.001s | Checkpoints: 7 | Metadata: ~0.7 KB

[PERF] Worker launch intervals:
[PERF]   GPU 0 → GPU 1: 0.002s
[PERF]   GPU 1 → GPU 2: 0.027s
[PERF]   GPU 2 → GPU 3: 0.001s

[PERF] Total launch time: 0.032s
[PERF] Average per worker: 0.008s
[PERF] ============================================

[PERF] ========== Parallel Execution Stage (SHARED-MEM) ==========
[PERF] Waiting for 4 workers to complete...
[PERF] OPTIMIZATION S2: Receiving CUDA tensors via IPC (no file I/O)
[PERF] Execution monitoring started at 1770914025.553s

[2026-02-13 00:33:45,957] [INFO] [real_accelerator.py:222:get_accelerator] Setting ds_accelerator to cuda (auto detect)
[2026-02-13 00:33:46,014] [INFO] [real_accelerator.py:222:get_accelerator] Setting ds_accelerator to cuda (auto detect)
[2026-02-13 00:33:46,026] [INFO] [real_accelerator.py:222:get_accelerator] Setting ds_accelerator to cuda (auto detect)
/mnt/newdisk/xiekunpeng/LowDiff/miniconda/envs/LowDiff/lib/python3.10/site-packages/torch/cuda/__init__.py:61: FutureWarning: The pynvml package is deprecated. Please install nvidia-ml-py instead. If you did not install pynvml directly, please report this to the maintainers of the package that installed pynvml for you.
  import pynvml  # type: ignore[import]
/mnt/newdisk/xiekunpeng/LowDiff/miniconda/envs/LowDiff/lib/python3.10/site-packages/torch/cuda/__init__.py:61: FutureWarning: The pynvml package is deprecated. Please install nvidia-ml-py instead. If you did not install pynvml directly, please report this to the maintainers of the package that installed pynvml for you.
  import pynvml  # type: ignore[import]
/mnt/newdisk/xiekunpeng/LowDiff/miniconda/envs/LowDiff/lib/python3.10/site-packages/torch/cuda/__init__.py:61: FutureWarning: The pynvml package is deprecated. Please install nvidia-ml-py instead. If you did not install pynvml directly, please report this to the maintainers of the package that installed pynvml for you.
  import pynvml  # type: ignore[import]
/mnt/newdisk/xiekunpeng/LowDiff/miniconda/envs/LowDiff/lib/python3.10/site-packages/torch/cuda/__init__.py:61: FutureWarning: The pynvml package is deprecated. Please install nvidia-ml-py instead. If you did not install pynvml directly, please report this to the maintainers of the package that installed pynvml for you.
  import pynvml  # type: ignore[import]
[2026-02-13 00:33:47,750] [INFO] [real_accelerator.py:222:get_accelerator] Setting ds_accelerator to cuda (auto detect)
[2026-02-13 00:33:47,788] [INFO] [real_accelerator.py:222:get_accelerator] Setting ds_accelerator to cuda (auto detect)
[2026-02-13 00:33:47,806] [INFO] [real_accelerator.py:222:get_accelerator] Setting ds_accelerator to cuda (auto detect)
[2026-02-13 00:33:47,812] [INFO] [real_accelerator.py:222:get_accelerator] Setting ds_accelerator to cuda (auto detect)
/mnt/newdisk/xiekunpeng/LowDiff/miniconda/envs/LowDiff/lib/python3.10/site-packages/transformers/utils/hub.py:110: FutureWarning: Using `TRANSFORMERS_CACHE` is deprecated and will be removed in v5 of Transformers. Use `HF_HOME` instead.
  warnings.warn(
/mnt/newdisk/xiekunpeng/LowDiff/miniconda/envs/LowDiff/lib/python3.10/site-packages/transformers/utils/hub.py:110: FutureWarning: Using `TRANSFORMERS_CACHE` is deprecated and will be removed in v5 of Transformers. Use `HF_HOME` instead.
  warnings.warn(
/mnt/newdisk/xiekunpeng/LowDiff/miniconda/envs/LowDiff/lib/python3.10/site-packages/transformers/utils/hub.py:110: FutureWarning: Using `TRANSFORMERS_CACHE` is deprecated and will be removed in v5 of Transformers. Use `HF_HOME` instead.
  warnings.warn(
/mnt/newdisk/xiekunpeng/LowDiff/miniconda/envs/LowDiff/lib/python3.10/site-packages/transformers/utils/hub.py:110: FutureWarning: Using `TRANSFORMERS_CACHE` is deprecated and will be removed in v5 of Transformers. Use `HF_HOME` instead.
  warnings.warn(
/mnt/newdisk/xiekunpeng/LowDiff/miniconda/envs/LowDiff/lib/python3.10/site-packages/transformers/utils/hub.py:110: FutureWarning: Using `TRANSFORMERS_CACHE` is deprecated and will be removed in v5 of Transformers. Use `HF_HOME` instead.
  warnings.warn(
/mnt/newdisk/xiekunpeng/LowDiff/miniconda/envs/LowDiff/lib/python3.10/site-packages/transformers/utils/hub.py:110: FutureWarning: Using `TRANSFORMERS_CACHE` is deprecated and will be removed in v5 of Transformers. Use `HF_HOME` instead.
  warnings.warn(
/mnt/newdisk/xiekunpeng/LowDiff/miniconda/envs/LowDiff/lib/python3.10/site-packages/transformers/utils/hub.py:110: FutureWarning: Using `TRANSFORMERS_CACHE` is deprecated and will be removed in v5 of Transformers. Use `HF_HOME` instead.
  warnings.warn(
/mnt/newdisk/xiekunpeng/LowDiff/miniconda/envs/LowDiff/lib/python3.10/site-packages/torch/cuda/__init__.py:61: FutureWarning: The pynvml package is deprecated. Please install nvidia-ml-py instead. If you did not install pynvml directly, please report this to the maintainers of the package that installed pynvml for you.
  import pynvml  # type: ignore[import]
/mnt/newdisk/xiekunpeng/LowDiff/miniconda/envs/LowDiff/lib/python3.10/site-packages/torch/cuda/__init__.py:61: FutureWarning: The pynvml package is deprecated. Please install nvidia-ml-py instead. If you did not install pynvml directly, please report this to the maintainers of the package that installed pynvml for you.
  import pynvml  # type: ignore[import]
/mnt/newdisk/xiekunpeng/LowDiff/miniconda/envs/LowDiff/lib/python3.10/site-packages/torch/cuda/__init__.py:61: FutureWarning: The pynvml package is deprecated. Please install nvidia-ml-py instead. If you did not install pynvml directly, please report this to the maintainers of the package that installed pynvml for you.
  import pynvml  # type: ignore[import]
[GPU 2] [SHARED-MEM] Worker started, assigned 7 checkpoints
[GPU 1] [SHARED-MEM] Worker started, assigned 7 checkpoints
[GPU 3] [SHARED-MEM] Worker started, assigned 7 checkpoints
[GPU 0] [SHARED-MEM] Worker started, assigned 8 checkpoints
[GPU 0] CUDA initialized (0.000s)
[GPU 0] Loading checkpoints from file paths
[GPU 3] CUDA initialized (0.292s)
[GPU 3] Loading checkpoints from file paths
[GPU 1] CUDA initialized (0.299s)
[GPU 1] Loading checkpoints from file paths
[GPU 2] CUDA initialized (0.328s)
[GPU 2] Loading checkpoints from file paths
[2026-02-13 00:33:52,836] [INFO] [real_accelerator.py:222:get_accelerator] Setting ds_accelerator to cuda (auto detect)
[2026-02-13 00:33:52,862] [INFO] [real_accelerator.py:222:get_accelerator] Setting ds_accelerator to cuda (auto detect)
[2026-02-13 00:33:52,987] [INFO] [real_accelerator.py:222:get_accelerator] Setting ds_accelerator to cuda (auto detect)
/mnt/newdisk/xiekunpeng/LowDiff/miniconda/envs/LowDiff/lib/python3.10/site-packages/transformers/utils/hub.py:110: FutureWarning: Using `TRANSFORMERS_CACHE` is deprecated and will be removed in v5 of Transformers. Use `HF_HOME` instead.
  warnings.warn(
/mnt/newdisk/xiekunpeng/LowDiff/miniconda/envs/LowDiff/lib/python3.10/site-packages/transformers/utils/hub.py:110: FutureWarning: Using `TRANSFORMERS_CACHE` is deprecated and will be removed in v5 of Transformers. Use `HF_HOME` instead.
  warnings.warn(
/mnt/newdisk/xiekunpeng/LowDiff/miniconda/envs/LowDiff/lib/python3.10/site-packages/transformers/utils/hub.py:110: FutureWarning: Using `TRANSFORMERS_CACHE` is deprecated and will be removed in v5 of Transformers. Use `HF_HOME` instead.
  warnings.warn(
[GPU 3] Loaded gpt2_wikitext-2_topk_0.01_0-279_batch20.pth.tar (729.95 MB in 3.226s)
[GPU 3] Loaded 7 checkpoints from 1 files (3.227s)
[GPU 2] Loaded gpt2_wikitext-2_topk_0.01_0-279_batch20.pth.tar (729.95 MB in 3.235s)
[GPU 2] Loaded 7 checkpoints from 1 files (3.235s)
[GPU 0] Loaded gpt2_wikitext-2_topk_0.01_0-259_batch20.pth.tar (803.55 MB in 3.952s)
[GPU 0] Loaded 8 checkpoints from 1 files (3.952s)
[GPU 1] Loaded gpt2_wikitext-2_topk_0.01_0-259_batch20.pth.tar (803.55 MB in 3.796s)
[GPU 3] Decompressed 3/7 (0.475s)
[GPU 2] Decompressed 3/7 (0.454s)
[GPU 3] Decompressed 6/7 (0.061s)
[GPU 2] Decompressed 6/7 (0.062s)
[GPU 3] Decompressed 7/7 (0.059s)
[GPU 3] Decompression complete (0.863s)
[GPU 3] [SHARED-MEM] Sent 7 checkpoints via CUDA IPC
[GPU 3] [SHARED-MEM] Queue send time: 0.001s
[GPU 3] [SHARED-MEM] Waiting for main process to complete...
[GPU 2] Decompressed 7/7 (0.060s)
[GPU 2] Decompression complete (0.848s)
[GPU 2] [SHARED-MEM] Sent 7 checkpoints via CUDA IPC
[GPU 2] [SHARED-MEM] Queue send time: 0.001s
[GPU 2] [SHARED-MEM] Waiting for main process to complete...
[GPU 0] Decompressed 3/8 (0.128s)
[PERF] GPU 3 completed at 1770914037.051s
       [SHARED-MEM] Queue transfer time: 11.498117s ⚡
       [SHARED-MEM] Received 7 checkpoints via CUDA IPC (zero-copy)
       [SHARED-MEM] Approx. data size: 3322.90 MB
       [SHARED-MEM] Effective speed: 289.00 MB/s (IPC handle transfer)
[GPU 0] Decompressed 6/8 (0.089s)
[PERF] GPU 2 completed at 1770914037.251s
       [SHARED-MEM] Queue transfer time: 0.199501s ⚡
       [SHARED-MEM] Received 7 checkpoints via CUDA IPC (zero-copy)
       [SHARED-MEM] Approx. data size: 3322.90 MB
       [SHARED-MEM] Effective speed: 16656.10 MB/s (IPC handle transfer)
[GPU 0] Decompressed 8/8 (0.055s)
[GPU 0] Decompression complete (0.881s)
[GPU 0] [SHARED-MEM] Sent 8 checkpoints via CUDA IPC
[GPU 0] [SHARED-MEM] Queue send time: 0.000s
[GPU 0] [SHARED-MEM] Waiting for main process to complete...
[PERF] GPU 0 completed at 1770914037.679s
       [SHARED-MEM] Queue transfer time: 0.427659s ⚡
       [SHARED-MEM] Received 8 checkpoints via CUDA IPC (zero-copy)
       [SHARED-MEM] Approx. data size: 3797.60 MB
       [SHARED-MEM] Effective speed: 8879.98 MB/s (IPC handle transfer)
/mnt/newdisk/xiekunpeng/LowDiff/miniconda/envs/LowDiff/lib/python3.10/site-packages/torch/cuda/__init__.py:61: FutureWarning: The pynvml package is deprecated. Please install nvidia-ml-py instead. If you did not install pynvml directly, please report this to the maintainers of the package that installed pynvml for you.
  import pynvml  # type: ignore[import]
/mnt/newdisk/xiekunpeng/LowDiff/miniconda/envs/LowDiff/lib/python3.10/site-packages/torch/cuda/__init__.py:61: FutureWarning: The pynvml package is deprecated. Please install nvidia-ml-py instead. If you did not install pynvml directly, please report this to the maintainers of the package that installed pynvml for you.
  import pynvml  # type: ignore[import]
/mnt/newdisk/xiekunpeng/LowDiff/miniconda/envs/LowDiff/lib/python3.10/site-packages/torch/cuda/__init__.py:61: FutureWarning: The pynvml package is deprecated. Please install nvidia-ml-py instead. If you did not install pynvml directly, please report this to the maintainers of the package that installed pynvml for you.
  import pynvml  # type: ignore[import]
[GPU 1] Loaded gpt2_wikitext-2_topk_0.01_0-279_batch20.pth.tar (729.95 MB in 3.103s)
[GPU 1] Loaded 7 checkpoints from 2 files (6.899s)
[GPU 1] Decompressed 3/7 (0.080s)
[2026-02-13 00:33:59,845] [INFO] [real_accelerator.py:222:get_accelerator] Setting ds_accelerator to cuda (auto detect)
[2026-02-13 00:33:59,917] [INFO] [real_accelerator.py:222:get_accelerator] Setting ds_accelerator to cuda (auto detect)
[2026-02-13 00:33:59,925] [INFO] [real_accelerator.py:222:get_accelerator] Setting ds_accelerator to cuda (auto detect)
[GPU 1] Decompressed 6/7 (0.060s)
[GPU 1] Decompressed 7/7 (0.063s)
[GPU 1] Decompression complete (0.503s)
[GPU 1] [SHARED-MEM] Sent 7 checkpoints via CUDA IPC
[GPU 1] [SHARED-MEM] Queue send time: 0.001s
[GPU 1] [SHARED-MEM] Waiting for main process to complete...
[PERF] GPU 1 completed at 1770914040.389s
       [SHARED-MEM] Queue transfer time: 2.708690s ⚡
       [SHARED-MEM] Received 7 checkpoints via CUDA IPC (zero-copy)
       [SHARED-MEM] Approx. data size: 3322.90 MB
       [SHARED-MEM] Effective speed: 1226.76 MB/s (IPC handle transfer)

[PERF] ========== Parallel Execution Summary (SHARED-MEM) ==========
[PERF] Total execution time: 14.836s
[PERF] Total queue transfer time: 14.833966s ⚡
[PERF] Average queue transfer time: 3.708492s
[PERF] First worker completed: GPU 3 at 1770914037.051s
[PERF] Last worker completed: GPU 1 at 1770914040.389s
[PERF] Worker completion span: 3.338s

[PERF] Worker completion order:
[PERF]   GPU 3: 11.498s (7 checkpoints)
[PERF]   GPU 2: 11.698s (7 checkpoints)
[PERF]   GPU 0: 12.126s (8 checkpoints)
[PERF]   GPU 1: 14.836s (7 checkpoints)
[PERF] =================================================

[PERF] [SHARED-MEM] Signaling workers to exit...
[GPU 0] [SHARED-MEM] Main process completed, safe to exit
[GPU 0] [SHARED-MEM] Wait time: 3.072s
[GPU 1] [SHARED-MEM] Main process completed, safe to exit
[GPU 2] [SHARED-MEM] Main process completed, safe to exit
[GPU 2] [SHARED-MEM] Wait time: 3.585s
[GPU 1] [SHARED-MEM] Wait time: 0.272s
[PERF] [SHARED-MEM] Signal time: 0.000301s

[GPU 3] [SHARED-MEM] Main process completed, safe to exit
[GPU 3] [SHARED-MEM] Wait time: 3.592s
[W213 00:34:00.593431825 CudaIPCTypes.cpp:96] Producer process tried to deallocate over 1000 memory blocks referred by consumer processes. Deallocation might be significantly slowed down. We assume it will never going to be the case, but if it is, please file but to https://github.com/pytorch/pytorch
[GPU 2] [SHARED-MEM] Worker finished (total: 8.013s)
[GPU 2]   - CUDA init: 0.328s
[GPU 2]   - Load: 3.235s
[GPU 2]   - Decompress: 0.848s
[GPU 2]   - Queue send: 0.001s ⚡
[GPU 2]   - Wait for main: 3.585s
[GPU 2]   - Cleanup: 0.005s
[W213 00:34:00.600605934 CudaIPCTypes.cpp:96] Producer process tried to deallocate over 1000 memory blocks referred by consumer processes. Deallocation might be significantly slowed down. We assume it will never going to be the case, but if it is, please file but to https://github.com/pytorch/pytorch
[W213 00:34:00.600985704 CudaIPCTypes.cpp:96] Producer process tried to deallocate over 1000 memory blocks referred by consumer processes. Deallocation might be significantly slowed down. We assume it will never going to be the case, but if it is, please file but to https://github.com/pytorch/pytorch
[GPU 3] [SHARED-MEM] Worker finished (total: 7.993s)
[GPU 3]   - CUDA init: 0.292s
[GPU 3]   - Load: 3.227s
[GPU 3]   - Decompress: 0.863s
[GPU 3]   - Queue send: 0.001s ⚡
[GPU 3]   - Wait for main: 3.592s
[GPU 3]   - Cleanup: 0.013s
[W213 00:34:00.605741773 CudaIPCTypes.cpp:96] Producer process tried to deallocate over 1000 memory blocks referred by consumer processes. Deallocation might be significantly slowed down. We assume it will never going to be the case, but if it is, please file but to https://github.com/pytorch/pytorch
[GPU 0] [SHARED-MEM] Worker finished (total: 7.931s)
[GPU 0]   - CUDA init: 0.000s
[GPU 0]   - Load: 3.952s
[GPU 0]   - Decompress: 0.881s
[GPU 0]   - Queue send: 0.000s ⚡
[GPU 0]   - Wait for main: 3.072s
[GPU 0]   - Cleanup: 0.021s
[GPU 1] [SHARED-MEM] Worker finished (total: 8.052s)
[GPU 1]   - CUDA init: 0.299s
[GPU 1]   - Load: 6.899s
[GPU 1]   - Decompress: 0.503s
[GPU 1]   - Queue send: 0.001s ⚡
[GPU 1]   - Wait for main: 0.272s
[GPU 1]   - Cleanup: 0.068s
[W213 00:34:01.939071052 CudaIPCTypes.cpp:16] Producer process has been terminated before all shared CUDA tensors released. See Note [Sharing CUDA tensors]
[W213 00:34:01.975175730 CudaIPCTypes.cpp:16] Producer process has been terminated before all shared CUDA tensors released. See Note [Sharing CUDA tensors]
[W213 00:34:01.025868070 CudaIPCTypes.cpp:16] Producer process has been terminated before all shared CUDA tensors released. See Note [Sharing CUDA tensors]
[W213 00:34:01.127740552 CudaIPCTypes.cpp:16] Producer process has been terminated before all shared CUDA tensors released. See Note [Sharing CUDA tensors]
[PERF] Process join time: 1.947s


Parallel decompression completed in 16.816s

[PERF] ========== Gradient Application Stage (SHARED-MEM) ==========
[PERF] OPTIMIZATION S2: Gradients already on GPU (no CPU→GPU transfer)
[PERF] Application started at 1770914042.338s
[PERF] Gradient merge time: 0.000s
[PERF] Total checkpoints to apply: 29
[PERF] Parameter mapping time: 0.001s
[PERF] Applied checkpoint 5/29 (batch 255)
       Iter time: 0.002s | Device transfer: 0.000304s ⚡ | Optimizer step: 0.002s
/mnt/newdisk/xiekunpeng/LowDiff/miniconda/envs/LowDiff/lib/python3.10/site-packages/transformers/utils/hub.py:110: FutureWarning: Using `TRANSFORMERS_CACHE` is deprecated and will be removed in v5 of Transformers. Use `HF_HOME` instead.
  warnings.warn(
/mnt/newdisk/xiekunpeng/LowDiff/miniconda/envs/LowDiff/lib/python3.10/site-packages/transformers/utils/hub.py:110: FutureWarning: Using `TRANSFORMERS_CACHE` is deprecated and will be removed in v5 of Transformers. Use `HF_HOME` instead.
  warnings.warn(
[PERF] Applied checkpoint 10/29 (batch 260)
       Iter time: 0.115s | Device transfer: 0.113537s ⚡ | Optimizer step: 0.002s
/mnt/newdisk/xiekunpeng/LowDiff/miniconda/envs/LowDiff/lib/python3.10/site-packages/transformers/utils/hub.py:110: FutureWarning: Using `TRANSFORMERS_CACHE` is deprecated and will be removed in v5 of Transformers. Use `HF_HOME` instead.
  warnings.warn(
[PERF] Applied checkpoint 15/29 (batch 265)
       Iter time: 0.128s | Device transfer: 0.125455s ⚡ | Optimizer step: 0.002s
[PERF] Applied checkpoint 20/29 (batch 270)
       Iter time: 0.094s | Device transfer: 0.092698s ⚡ | Optimizer step: 0.001s
[PERF] Applied checkpoint 25/29 (batch 275)
       Iter time: 0.094s | Device transfer: 0.092443s ⚡ | Optimizer step: 0.001s
[PERF] Applied checkpoint 29/29 (batch 279)
       Iter time: 0.094s | Device transfer: 0.092555s ⚡ | Optimizer step: 0.001s

[PERF] ========== Gradient Application Summary (SHARED-MEM) ==========
[PERF] Total application time: 2.125s
[PERF] Checkpoints applied: 29
[PERF] Average per checkpoint: 0.073s

[PERF] Time breakdown:
[PERF]   Total device transfer: 2.070s (97.4%) ⚡
[PERF]   Total optimizer step: 0.047s (2.2%)
[PERF]   Average device transfer: 0.071387s (vs ~0.1-0.5s for CPU→GPU)
[PERF]   Average optimizer step: 0.002s
[PERF] ==================================================


Serial application completed in 2.125s

================================================================================
Batch parallel recovery completed
================================================================================

[PERF] ========== FINAL PERFORMANCE SUMMARY ==========
[PERF] Total recovery time: 25.847s
[PERF] 
[PERF] Time breakdown:
[PERF]   1. Data preparation:     6.901s (26.7%)
[PERF]   2. Parallel decompression: 16.816s (65.1%)
[PERF]   3. Gradient application:  2.125s (8.2%)
[PERF] 
[PERF] Data statistics:
[PERF]   - Batch files loaded: 2
[PERF]   - Checkpoints processed: 29
[PERF]   - Total data size: ~1533.50 MB
[PERF]   - Effective throughput: 59.33 MB/s
[PERF] 
[PERF] Parallel efficiency:
[PERF]   - GPUs used: 4
[PERF]   - Estimated speedup: 3.20x
[PERF]   - Parallel efficiency: 80.0%
[PERF] ==================================================
================================================================================

`use_cache=True` is incompatible with gradient checkpointing. Setting `use_cache=False`...
`use_cache=True` is incompatible with gradient checkpointing. Setting `use_cache=False`...
`use_cache=True` is incompatible with gradient checkpointing. Setting `use_cache=False`...
Differential checkpoint replay completed
Last trained batch: 279
Training will resume from epoch 0, batch 280
Using 20 threads for gradient decompression.
save process start!
Starting training from epoch 0 (total epochs: 1)
`loss_type=None` was set in the config but it is unrecognized. Using the default loss: `ForCausalLMLoss`.
`loss_type=None` was set in the config but it is unrecognized. Using the default loss: `ForCausalLMLoss`.
`loss_type=None` was set in the config but it is unrecognized. Using the default loss: `ForCausalLMLoss`.
/mnt/newdisk/xiekunpeng/LowDiff/miniconda/envs/LowDiff/lib/python3.10/site-packages/torch/cuda/__init__.py:61: FutureWarning: The pynvml package is deprecated. Please install nvidia-ml-py instead. If you did not install pynvml directly, please report this to the maintainers of the package that installed pynvml for you.
  import pynvml  # type: ignore[import]
/mnt/newdisk/xiekunpeng/LowDiff/miniconda/envs/LowDiff/lib/python3.10/site-packages/torch/cuda/__init__.py:61: FutureWarning: The pynvml package is deprecated. Please install nvidia-ml-py instead. If you did not install pynvml directly, please report this to the maintainers of the package that installed pynvml for you.
  import pynvml  # type: ignore[import]
[2026-02-13 00:34:07,059] [INFO] [real_accelerator.py:222:get_accelerator] Setting ds_accelerator to cuda (auto detect)
[2026-02-13 00:34:07,175] [INFO] [real_accelerator.py:222:get_accelerator] Setting ds_accelerator to cuda (auto detect)
/mnt/newdisk/xiekunpeng/LowDiff/miniconda/envs/LowDiff/lib/python3.10/site-packages/transformers/utils/hub.py:110: FutureWarning: Using `TRANSFORMERS_CACHE` is deprecated and will be removed in v5 of Transformers. Use `HF_HOME` instead.
  warnings.warn(
/mnt/newdisk/xiekunpeng/LowDiff/miniconda/envs/LowDiff/lib/python3.10/site-packages/transformers/utils/hub.py:110: FutureWarning: Using `TRANSFORMERS_CACHE` is deprecated and will be removed in v5 of Transformers. Use `HF_HOME` instead.
  warnings.warn(
/mnt/newdisk/xiekunpeng/LowDiff/miniconda/envs/LowDiff/lib/python3.10/site-packages/torch/cuda/__init__.py:61: FutureWarning: The pynvml package is deprecated. Please install nvidia-ml-py instead. If you did not install pynvml directly, please report this to the maintainers of the package that installed pynvml for you.
  import pynvml  # type: ignore[import]
[2026-02-13 00:34:13,742] [INFO] [real_accelerator.py:222:get_accelerator] Setting ds_accelerator to cuda (auto detect)
/mnt/newdisk/xiekunpeng/LowDiff/miniconda/envs/LowDiff/lib/python3.10/site-packages/transformers/utils/hub.py:110: FutureWarning: Using `TRANSFORMERS_CACHE` is deprecated and will be removed in v5 of Transformers. Use `HF_HOME` instead.
  warnings.warn(
/mnt/newdisk/xiekunpeng/LowDiff/miniconda/envs/LowDiff/lib/python3.10/site-packages/torch/cuda/__init__.py:61: FutureWarning: The pynvml package is deprecated. Please install nvidia-ml-py instead. If you did not install pynvml directly, please report this to the maintainers of the package that installed pynvml for you.
  import pynvml  # type: ignore[import]
[2026-02-13 00:34:20,165] [INFO] [real_accelerator.py:222:get_accelerator] Setting ds_accelerator to cuda (auto detect)
/mnt/newdisk/xiekunpeng/LowDiff/miniconda/envs/LowDiff/lib/python3.10/site-packages/transformers/utils/hub.py:110: FutureWarning: Using `TRANSFORMERS_CACHE` is deprecated and will be removed in v5 of Transformers. Use `HF_HOME` instead.
  warnings.warn(
/mnt/newdisk/xiekunpeng/LowDiff/miniconda/envs/LowDiff/lib/python3.10/site-packages/torch/cuda/__init__.py:61: FutureWarning: The pynvml package is deprecated. Please install nvidia-ml-py instead. If you did not install pynvml directly, please report this to the maintainers of the package that installed pynvml for you.
  import pynvml  # type: ignore[import]
[2026-02-13 00:34:26,642] [INFO] [real_accelerator.py:222:get_accelerator] Setting ds_accelerator to cuda (auto detect)
/mnt/newdisk/xiekunpeng/LowDiff/miniconda/envs/LowDiff/lib/python3.10/site-packages/transformers/utils/hub.py:110: FutureWarning: Using `TRANSFORMERS_CACHE` is deprecated and will be removed in v5 of Transformers. Use `HF_HOME` instead.
  warnings.warn(
[Epoch 0] Skipping batch 0 (already trained)
[Epoch 0] Skipping batch 10 (already trained)
[Epoch 0] Skipping batch 20 (already trained)
[Epoch 0] Skipping batch 30 (already trained)
[Epoch 0] Skipping batch 40 (already trained)
[Epoch 0] Skipping batch 50 (already trained)
[Epoch 0] Skipping batch 60 (already trained)
[Epoch 0] Skipping batch 70 (already trained)
[Epoch 0] Skipping batch 80 (already trained)
[Epoch 0] Skipping batch 90 (already trained)
[Epoch 0] Skipping batch 100 (already trained)
[Epoch 0] Skipping batch 110 (already trained)
[Epoch 0] Skipping batch 120 (already trained)
[Epoch 0] Skipping batch 130 (already trained)
[Epoch 0] Skipping batch 140 (already trained)
[Epoch 0] Skipping batch 150 (already trained)
[Epoch 0] Skipping batch 160 (already trained)
[Epoch 0] Skipping batch 170 (already trained)
[Epoch 0] Skipping batch 180 (already trained)
[Epoch 0] Skipping batch 190 (already trained)
[Epoch 0] Skipping batch 200 (already trained)
[Epoch 0] Skipping batch 210 (already trained)
[Epoch 0] Skipping batch 220 (already trained)
[Epoch 0] Skipping batch 230 (already trained)
[Epoch 0] Skipping batch 240 (already trained)
[Epoch 0] Skipping batch 250 (already trained)
[Epoch 0] Skipping batch 260 (already trained)
[Epoch 0] Skipping batch 270 (already trained)
`use_cache=True` is incompatible with gradient checkpointing. Setting `use_cache=False`...
`loss_type=None` was set in the config but it is unrecognized. Using the default loss: `ForCausalLMLoss`.
[Epoch 0/1] Batch 280, Loss: 4.282, Time: 0.877
[rank0]:[W213 00:34:32.068808191 CudaIPCTypes.cpp:96] Producer process tried to deallocate over 1000 memory blocks referred by consumer processes. Deallocation might be significantly slowed down. We assume it will never going to be the case, but if it is, please file but to https://github.com/pytorch/pytorch
